{"branches": [], "status": "complete", "seconds": 1.0143472499912605}
{"branches": [27], "status": "complete", "seconds": 0.91577729198616}
{"branches": [16, 27], "status": "complete", "seconds": 1.1669472090434283}
{"branches": [27, 29], "status": "complete", "seconds": 1.0983530000085011}
{"branches": [16, 27, 29], "status": "complete", "seconds": 1.5181314179790206}
{"branches": [15, 27, 29], "status": "complete", "seconds": 1.4650182090117596}
{"branches": [16, 26, 27, 29], "status": "complete", "seconds": 1.7468743339995854}
{"branches": [16, 27, 29, 82], "status": "complete", "seconds": 1.259569666988682}
{"branches": [16, 26, 27, 29, 82], "status": "complete", "seconds": 1.416443000023719}
{"branches": [16, 19, 26, 27, 29], "status": "complete", "seconds": 1.5677698759827763}
{"branches": [16, 26, 27, 29, 82, 149], "status": "complete", "seconds": 1.3073371259961277}
{"branches": [16, 26, 27, 29, 82, 130], "status": "complete", "seconds": 1.3504983340390027}
{"branches": [16, 21, 26, 27, 29, 82, 149], "status": "complete", "seconds": 1.3916533760493621}
{"branches": [16, 26, 27, 29, 82, 130, 149], "status": "complete", "seconds": 1.3632938340306282}
{"branches": [16, 21, 26, 27, 29, 82, 130, 149], "status": "complete", "seconds": 1.3158059589914046}
{"branches": [16, 21, 26, 27, 29, 52, 82, 149], "status": "complete", "seconds": 1.3877767089870758}
{"branches": [16, 21, 26, 27, 29, 52, 82, 130, 149], "status": "complete", "seconds": 1.5702581670484506}
{"branches": [16, 21, 26, 27, 29, 82, 130, 149, 190], "status": "complete", "seconds": 1.4493887920398265}
{"branches": [16, 21, 26, 27, 29, 52, 82, 130, 149, 190], "status": "complete", "seconds": 1.3856266670045443}
{"branches": [16, 21, 26, 27, 29, 52, 82, 130, 149, 154], "status": "complete", "seconds": 1.3984848750405945}
{"branches": [16, 21, 26, 27, 29, 52, 82, 130, 149, 154, 190], "status": "complete", "seconds": 1.5753907499602064}
{"branches": [16, 21, 22, 26, 27, 29, 52, 82, 130, 149, 190], "status": "complete", "seconds": 2.243786667997483}
{"branches": [16, 19, 21, 22, 26, 27, 29, 52, 82, 130, 149, 190], "status": "complete", "seconds": 2.227968668041285}
{"branches": [16, 21, 22, 26, 27, 29, 52, 82, 130, 149, 154, 190], "status": "complete", "seconds": 2.4197993759880774}
{"branches": [16, 19, 22, 26, 27, 29, 52, 82, 90, 130, 149, 190], "status": "complete", "seconds": 2.2143458759528585}
{"branches": [16, 19, 21, 22, 26, 27, 29, 82, 130, 149, 190], "status": "complete", "seconds": 2.035801541991532}
{"job": {"truth": "different", "mode": "trait-specific", "replicate": 2, "traits": 2, "missing_rate": 0.2, "timeout": 1800, "part": "accuracy"}, "status": "complete", "elapsed": 40.21914439299144, "error": null}
