+ /Users/kf/miniforge3/bin/python -m ruff check nwkit tests setup.py tools
All checks passed!
+ /Users/kf/miniforge3/bin/python -m ruff format --check nwkit tests setup.py tools
440 files already formatted
+ /Users/kf/miniforge3/bin/python -m mypy --no-incremental
Success: no issues found in 204 source files
+ /Users/kf/miniforge3/bin/python -m pip check
No broken requirements found.
+ /Users/kf/miniforge3/bin/python -m bandit -r nwkit -ll -ii -q
+ /Users/kf/miniforge3/bin/python -m pip_audit .
/Users/kf/miniforge3/lib/python3.10/site-packages/requests/__init__.py:113: RequestsDependencyWarning: urllib3 (2.6.3) or chardet (7.5.1)/charset_normalizer (3.4.4) doesn't match a supported version!
  warnings.warn(
WARNING:cachecontrol.controller:Cache entry deserialization failed, entry ignored
WARNING:cachecontrol.controller:Cache entry deserialization failed, entry ignored
WARNING:cachecontrol.controller:Cache entry deserialization failed, entry ignored
WARNING:cachecontrol.controller:Cache entry deserialization failed, entry ignored
WARNING:cachecontrol.controller:Cache entry deserialization failed, entry ignored
WARNING:cachecontrol.controller:Cache entry deserialization failed, entry ignored
WARNING:cachecontrol.controller:Cache entry deserialization failed, entry ignored
WARNING:cachecontrol.controller:Cache entry deserialization failed, entry ignored
WARNING:cachecontrol.controller:Cache entry deserialization failed, entry ignored
WARNING:cachecontrol.controller:Cache entry deserialization failed, entry ignored
WARNING:cachecontrol.controller:Cache entry deserialization failed, entry ignored
WARNING:cachecontrol.controller:Cache entry deserialization failed, entry ignored
WARNING:cachecontrol.controller:Cache entry deserialization failed, entry ignored
WARNING:cachecontrol.controller:Cache entry deserialization failed, entry ignored
WARNING:cachecontrol.controller:Cache entry deserialization failed, entry ignored
WARNING:cachecontrol.controller:Cache entry deserialization failed, entry ignored
WARNING:cachecontrol.controller:Cache entry deserialization failed, entry ignored
WARNING:cachecontrol.controller:Cache entry deserialization failed, entry ignored
No known vulnerabilities found
+ /Users/kf/miniforge3/bin/python -m coverage erase
+ /Users/kf/miniforge3/bin/python -m coverage run -m pytest tests/ -q
........................................................................ [  1%]
........................................................................ [  3%]
........................................................................ [  5%]
........................................................................ [  7%]
........................................................................ [  9%]
........................................................................ [ 11%]
........................................................................ [ 13%]
........................................................................ [ 14%]
........................................................................ [ 16%]
........................................................................ [ 18%]
........................................................................ [ 20%]
........................................................................ [ 22%]
........................................................................ [ 24%]
........................................................................ [ 26%]
........................................................................ [ 28%]
........................................................................ [ 29%]
........................................................................ [ 31%]
........................................................................ [ 33%]
........................................................................ [ 35%]
........................................................................ [ 37%]
........................................................................ [ 39%]
........................................................................ [ 41%]
........................................................................ [ 43%]
........................................................................ [ 44%]
........................................................................ [ 46%]
........................................................................ [ 48%]
........................................................................ [ 50%]
........................................................................ [ 52%]
........................................................................ [ 54%]
........................................................................ [ 56%]
........................................................................ [ 57%]
........................................................................ [ 59%]
.......................................................ss............... [ 61%]
.......................sssssssssssss...........s.s.sss..sssssss......... [ 63%]
........................................................................ [ 65%]
........................................................................ [ 67%]
........................................................................ [ 69%]
........................................................................ [ 71%]
........................................................................ [ 72%]
........................................................................ [ 74%]
........................................................................ [ 76%]
........................................................................ [ 78%]
........................................................................ [ 80%]
.....................................................ssss............... [ 82%]
...................sss........sssss...........ss...ssss................. [ 84%]
.................................................................ssss..s [ 86%]
ssss.........ssss..............................s....ssssssssssssssssssss [ 87%]
........................................................................ [ 89%]
........................................................................ [ 91%]
........................................................................ [ 93%]
........................................................................ [ 95%]
........................................................................ [ 97%]
........................................................................ [ 99%]
...................................                                      [100%]
=============================== warnings summary ===============================
../../../../../../../../Users/kf/miniforge3/lib/python3.10/site-packages/requests/__init__.py:113
  /Users/kf/miniforge3/lib/python3.10/site-packages/requests/__init__.py:113: RequestsDependencyWarning: urllib3 (2.6.3) or chardet (7.5.1)/charset_normalizer (3.4.4) doesn't match a supported version!
    warnings.warn(

tests/test_asr_compare_panels.py::test_transformed_and_equivalent_candidates_remain_visible
  /private/var/folders/xc/pydw8plj6vvf7mddh20v09sw0000gn/T/nwkit-measured-vpfetzlh/after/tests/test_asr_compare_panels.py:185: FutureWarning: The behavior of DataFrame concatenation with empty or all-NA entries is deprecated. In a future version, this will no longer exclude empty or all-NA columns when determining the result dtypes. To retain the old behavior, exclude the relevant entries before the concat operation.
    pd.concat([table, pd.DataFrame([failed, equivalent])], ignore_index=True),

tests/test_full_ou.py::test_free_full_ou_real_optimizer_returns_stable_finite_process
  /Users/kf/miniforge3/lib/python3.10/site-packages/scipy/optimize/_numdiff.py:507: RuntimeWarning: invalid value encountered in subtract
    dx = ((x0 + h) - x0)

tests/test_full_ou.py::test_free_full_ou_real_optimizer_returns_stable_finite_process
  /Users/kf/miniforge3/lib/python3.10/site-packages/scipy/optimize/_numdiff.py:58: RuntimeWarning: invalid value encountered in subtract
    lower_dist = x0 - lb

tests/test_full_ou.py::test_free_full_ou_real_optimizer_returns_stable_finite_process
  /Users/kf/miniforge3/lib/python3.10/site-packages/scipy/optimize/_numdiff.py:595: RuntimeWarning: invalid value encountered in scalar subtract
    dx = x1[i] - x0[i]  # Recompute dx as exactly representable number.

tests/test_radte_profile.py::test_sequence_profile_endpoints_have_independently_refitted_likelihood_ratio[exact]
  /Users/kf/miniforge3/lib/python3.10/site-packages/scipy/optimize/_slsqp_py.py:435: RuntimeWarning: Values in x were outside bounds during a minimize step, clipping to bounds
    fx = wrapped_fun(x)

-- Docs: https://docs.pytest.org/en/stable/how-to/capture-warnings.html
3772 passed, 79 skipped, 6 warnings in 1004.79s (0:16:44)
+ /Users/kf/miniforge3/bin/python -m coverage report
Name                                     Stmts   Miss Branch BrPart  Cover   Missing
------------------------------------------------------------------------------------
nwkit/__init__.py                            1      0      0      0   100%
nwkit/__main__.py                            3      3      2      0     0%   1-4
nwkit/annotate.py                          249     52    142     16    76%   52, 55, 63->61, 66-71, 81, 83, 87, 97, 102, 106, 117-150, 172, 175, 214-215, 229, 254, 334-341, 463
nwkit/asr.py                              1868    181    740    110    87%   74, 80, 84-85, 97, 124, 130-131, 138, 140, 148, 162, 176, 179, 183, 247, 276, 279-280, 287, 289, 309, 311, 318->316, 328, 337, 367-368, 370, 378, 417, 431, 442, 446, 449, 454, 466, 619, 634, 697-698, 772, 799, 814, 863-864, 866, 931, 1008, 1035, 1037, 1042, 1047, 1098-1099, 1120-1121, 1160, 1194->1196, 1369, 1381, 1435, 1437, 1442, 1446, 1453, 1540, 1543-1553, 1566->1571, 1603-1604, 1653, 1656, 1659->1676, 1671, 1675, 1733, 1803, 1821-1822, 1891, 1906, 1913-1914, 1916, 1951-1952, 1980, 1982, 1984, 1986, 1988, 2081, 2243-2245, 2346, 2348, 2350, 2357, 2374, 2385, 2388, 2393, 2408, 2422, 2490, 2506->2508, 2531, 2535->2537, 2584-2586, 2612, 2722, 2760-2761, 3041, 3043, 3095, 3236->3240, 3240->3242, 3242->3249, 3349, 3351, 3375, 3387->3402, 3423-3424, 3453->3455, 3480-3522, 3535-3559, 3644, 3767, 3778-3780, 3993, 4145, 4280, 4286, 4295, 4303
nwkit/asr_averaging.py                     101     10     34      8    85%   25, 44-48, 87, 92, 107, 138, 142, 199
nwkit/asr_bootstrap_intervals.py            25      3     10      3    83%   39, 48, 58
nwkit/asr_compare.py                       876     96    402     77    86%   196, 199, 207, 215, 223, 234, 264, 280, 296, 305, 315, 322, 324, 331-340, 421-432, 448, 462, 464, 466, 470, 476, 480, 487, 495, 507, 517, 521, 526, 531, 546->exit, 582, 598, 601, 613, 615, 618, 629, 633, 638, 728, 790, 797, 846, 1077, 1083, 1097, 1100, 1110, 1125-1127, 1181-1182, 1184-1202, 1233, 1247, 1249, 1318->1324, 1346->1348, 1361, 1388, 1395, 1410, 1417, 1429, 1446, 1523->1526, 1527, 1548, 1554-1565, 1618-1630, 1704, 1712, 1714, 1717, 1739, 1752->1754, 1757-1758, 1763->1765, 1840
nwkit/asr_compare_figure.py                225     20     68     10    88%   16, 39, 41, 122, 125-127, 136, 173, 177-178, 181->184, 234-243, 270->272
nwkit/asr_compare_panels.py                149      0     44      0   100%
nwkit/asr_comparison.py                    207     14    110     11    91%   24, 27, 52, 91, 156, 255, 282, 296, 303, 331, 341-344
nwkit/asr_continuous_diagnostics.py        133     35     56      6    70%   22, 26-27, 29, 38, 118-237, 262-264, 398
nwkit/asr_cross_validation.py               40      2     14      2    93%   51, 66
nwkit/asr_diagnostics.py                   136     16     50     15    82%   46, 50, 53, 56, 80-81, 84, 86, 88, 102, 144, 147, 160, 245, 248, 270
nwkit/asr_discrete_cross_validation.py      53      3     16      3    91%   18, 25, 120
nwkit/asr_figure.py                        282      4    112      5    98%   38, 48->41, 91, 120, 480
nwkit/asr_heatmap.py                        79      0     18      1    99%   71->80
nwkit/asr_input.py                         389     61    236     54    81%   122, 162, 164, 174, 176, 178, 182, 184, 186, 188, 193, 201, 208, 216, 265, 269, 302, 306, 312, 317, 326, 332, 342-349, 360, 368, 373, 375, 377, 385, 389, 396, 401, 403, 414, 419, 434, 465, 473, 475, 488, 527, 532-533, 579, 581, 624, 653, 658, 665, 670, 678, 683, 700, 704, 733, 748
nwkit/asr_latent.py                         80      4     30      7    90%   33, 62, 70, 93, 186->188, 188->190, 190->203
nwkit/asr_models.py                         30      3      2      1    88%   21, 121-122
nwkit/asr_multivariate_diagnostics.py      112     11     50      7    86%   25, 34, 92, 112, 188-200, 257->exit, 281
nwkit/asr_output.py                         24      0      4      0   100%
nwkit/asr_paths.py                         137      6     46      6    93%   81, 103, 151, 270, 272, 311
nwkit/asr_regimes.py                        99     26     42     12    70%   28-29, 40, 44, 47, 59-60, 64, 68, 73, 76, 98, 104, 111-112, 120-121, 125, 132-139
nwkit/asr_tip_labels.py                     18      0      2      0   100%
nwkit/asr_tree_ensemble.py                 122     11     54     12    87%   21, 26, 36, 40, 80, 111, 117, 169, 187, 227, 253->286, 277
nwkit/branch_gaussian.py                   112      0     42      0   100%
nwkit/branch_gaussian_asr.py                95      0     26      0   100%
nwkit/branch_gaussian_estimation.py        149     12     46      9    89%   64, 81, 111-112, 116, 131, 146, 164-165, 184, 218->235, 304, 308
nwkit/branch_gaussian_fit_spec.py          107      7     58      7    92%   105, 121, 130, 138, 167, 169, 178
nwkit/branch_gaussian_input.py             130      7     58      6    93%   94, 167, 185, 195, 200, 203, 209
nwkit/branch_gaussian_options.py            76      6     58      6    91%   102, 111, 115, 137, 180, 188
nwkit/branch_gaussian_output.py             90      3     22      3    95%   154, 167, 210
nwkit/branch_gaussian_paths.py              60      4     22      4    90%   37, 67, 76, 105
nwkit/clade_index.py                        82      0     30      0   100%
nwkit/clade_mapping.py                     205     18     80     13    88%   64-67, 88, 94, 101, 119->121, 121->123, 130, 258, 266, 269, 291-294, 306, 309, 312
nwkit/cladefreq.py                          73      6     28      4    90%   42-43, 66, 77, 97, 131
nwkit/cli.py                               978     15     82     10    97%   42->44, 45, 68, 72-74, 80-81, 108, 1354, 2311, 6513, 6539, 6581-6582, 6586
nwkit/collapse.py                           44      1     26      2    96%   36, 67->69
nwkit/compiled_tree.py                      44      7     16      5    80%   30, 33, 43-44, 48, 54, 73
nwkit/compose.py                           154     20     58     14    83%   26, 28, 38, 46, 48, 57, 63, 86->91, 119-121, 163, 194-209, 239->251, 296, 342, 345-346
nwkit/consensus.py                         394     68    178     29    81%   32, 66, 76, 82, 87-88, 95, 107, 112-113, 117, 121, 128-129, 133, 138, 140, 152-159, 171-183, 190-191, 193, 200-201, 231, 295, 317, 330, 390-391, 404, 430, 462->464, 488, 512-536, 552, 564->563, 661, 664-666, 679, 681, 685-686, 719, 737
nwkit/constrain.py                         366     62    178     23    81%   33-34, 45, 65, 67, 69, 108-115, 121-123, 153->155, 158, 162, 195-197, 199-201, 202->204, 227, 261->259, 283-289, 299->322, 314, 328-331, 350-355, 369, 378, 394, 403, 419-429, 467, 502-510
nwkit/continuous_asr.py                    355     26    132     22    90%   100, 113-114, 124, 136, 163, 178, 180, 188, 213, 245, 293, 325, 329, 353, 368, 388, 409, 481, 515, 612-613, 615, 621, 634, 651
nwkit/continuous_asr_io.py                  94      2     52      2    97%   33, 317
nwkit/continuous_asr_optimize.py           121      3     42      5    95%   69->82, 105, 146, 163->178, 173
nwkit/continuous_asr_process.py             42      9     30      7    75%   21, 34, 60, 76, 98-101, 105, 115
nwkit/continuous_observation.py            115     12     52     13    85%   15, 19, 33->35, 47, 53, 58, 74, 81, 123, 133, 158, 164, 171
nwkit/contrast.py                          680    117    328     82    79%   130, 133, 135, 137, 146, 167, 173-174, 202-203, 206-208, 210-211, 214, 220, 266, 276, 287, 304, 306, 312, 331, 346, 351, 492, 516, 520, 525, 529, 552, 556, 561, 565, 626, 637, 650, 668, 682, 703, 714, 723, 730, 733-734, 742-743, 748-749, 771, 799, 806-807, 828, 853, 858, 860, 863, 871, 878, 882, 893, 898, 921, 930, 951, 961, 969, 989, 998-999, 1001, 1042, 1088, 1142-1169, 1174-1179, 1182, 1192-1208, 1213, 1219-1222, 1255, 1331, 1342->1346, 1370, 1397, 1400, 1414, 1416, 1512, 1558, 1565, 1572, 1576, 1582->1584, 1615->1619, 1617, 1619->1621, 1621->1625, 1626
nwkit/conventions.py                        14      0      0      0   100%
nwkit/convert.py                            68      2     36      2    96%   24, 92
nwkit/diff.py                              272     24    126     18    88%   73, 88, 91, 123, 125, 217, 416, 418, 421, 424, 438, 456, 460->462, 463, 509-517, 641, 647, 671
nwkit/discrete_asr_models.py               331     49    168     37    82%   38, 40, 80, 86, 90->89, 100, 114, 133, 150, 152, 166, 181-182, 185, 207-208, 211, 228, 231, 237, 244, 246, 248, 285-287, 323, 327, 342, 344, 369, 378-379, 389-390, 392, 399, 401, 406-407, 409, 413, 423, 436-437, 439, 441, 443, 447, 495
nwkit/discrete_observation.py               53     11     28      9    75%   18, 22, 33, 39, 44-45, 64, 79, 84, 89, 94
nwkit/disparity.py                         152      7     50      7    93%   87, 101, 105, 120, 122, 143, 154
nwkit/dist.py                              280     27    136     14    89%   57, 73, 89, 109-110, 154, 162, 177-178, 183, 200, 213->207, 216, 269, 317-338, 348, 394-402, 420
nwkit/draw.py                              263     13     62     14    92%   782, 814, 830, 846->858, 855, 860, 866, 868, 878, 908, 924, 929, 935, 993
nwkit/draw_helpers.py                     1167    109    450     89    87%   63, 160, 181, 191, 209, 224, 246, 254, 257-258, 266, 275-281, 300->305, 305->311, 315, 343, 347, 368, 382, 389, 394-395, 407, 458, 468-469, 489-490, 497, 506, 572-573, 575, 577, 616->612, 618, 652, 714-718, 742-744, 801, 834, 869, 910, 1007-1008, 1012, 1028-1029, 1033, 1035, 1047, 1210->1212, 1212->1214, 1214->1216, 1255, 1271, 1278, 1284, 1367, 1428, 1482-1490, 1498, 1502, 1508, 1511-1512, 1518, 1534, 1549->1547, 1562-1563, 1564->1559, 1566->1579, 1607->1597, 1625, 1627, 1634, 1648-1649, 1659, 1666, 1682->exit, 1715->1708, 1837, 1849->1844, 1855, 1897, 1962, 2021, 2024, 2030, 2085, 2147, 2149, 2153, 2165, 2241->2236, 2271, 2282, 2294, 2311->2338, 2326->2338, 2329->2338, 2331->2338, 2334->2331, 2339-2352, 2354
nwkit/draw_layouts.py                      919     50    322     40    92%   44, 61, 111, 139, 165, 359, 364, 448, 475->477, 525, 628, 674, 677, 723, 754, 771, 792, 799, 802, 826->838, 837, 839-842, 854, 872, 876, 926, 980, 1078-1081, 1120, 1122, 1247-1252, 1315->1323, 1328-1331, 1378, 1380, 1393, 1402-1405, 1711, 1786, 1890
nwkit/draw_output.py                        27      0     10      1    97%   23->27
nwkit/draw_prep.py                         104      7     44      3    93%   30, 45-46, 57-59, 102
nwkit/draw_quality.py                      282     15    132     15    93%   26, 30, 58, 65->72, 137, 160, 178, 240-241, 290, 315, 320, 347, 372->423, 441, 471-472
nwkit/draw_render.py                       440     42    214     36    87%   165->175, 229, 345->276, 413, 416-421, 424, 637, 653-654, 655->648, 657->672, 660->662, 677, 698, 747, 838-855, 898-911, 921->995, 969->995, 992, 1013, 1030-1063, 1145->1176, 1167->1176, 1262, 1284, 1347-1349, 1351-1352, 1363->1381, 1367->1372, 1378, 1418->1423, 1540, 1561, 1562->1564, 1580, 1581->1583, 1585-1592
nwkit/draw_setup.py                        260     33    140     33    84%   54, 57, 61, 68, 72, 76, 80, 82, 104, 138, 144, 169, 198, 202, 205, 209, 214, 220, 232, 237, 242, 248, 251, 261, 324, 389, 393, 399, 462, 471, 477, 586, 612
nwkit/draw_types.py                        124      0      0      0   100%
nwkit/drop.py                               20      0     10      0   100%
nwkit/dtt.py                               167      9     72      7    93%   61-62, 77, 97, 140, 148, 151, 180, 187
nwkit/dtt_cli.py                            20      0      2      0   100%
nwkit/dtt_figure.py                        147      2     48      5    96%   67->71, 96->107, 124->135, 208, 312
nwkit/event_regression.py                   65     19     28      8    65%   25, 27, 47, 49, 54, 107-139, 144, 148
nwkit/evolution.py                         352     63    164     38    79%   62, 82, 98, 112-113, 147, 174, 180, 183-184, 203-215, 238, 248, 261, 264, 315, 352, 358, 369, 394, 396, 412, 415, 420, 433-434, 436, 440-441, 466, 468, 472, 487, 505, 509, 513, 515, 522, 525, 548, 554, 561, 564, 575-576, 612, 623-634, 647, 665, 698
nwkit/fasta.py                              42      0     22      1    98%   42->44
nwkit/file_paths.py                         61      5     30      1    93%   15, 22-23, 77-78
nwkit/full_ou.py                            76      5     22      3    92%   20, 25-26, 30, 79
nwkit/full_ou_fit.py                        78      2     14      2    96%   63, 65
nwkit/gaussian.py                          513     98    190     32    77%   151, 156, 162, 207, 209, 214, 244, 254, 262, 287, 307, 341, 402, 459, 474, 499-500, 513-514, 516-517, 535, 569, 577, 763, 767, 772-781, 783-788, 794-796, 804, 811, 880, 900, 910-916, 918-920, 936-940, 944-957, 969-1029, 1036-1043
nwkit/gaussian_inference.py                404     58    168     43    82%   80, 83, 104, 118, 132, 148, 152-156, 163, 178-181, 189, 204, 208, 214, 217-218, 220-221, 239, 248, 252-257, 259, 267->263, 272->274, 280-281, 285, 341, 358, 380, 388, 451, 461-462, 466, 472-473, 477, 531, 535, 546, 560-561, 575, 580, 588, 598, 616, 619, 644, 659, 662, 686, 698
nwkit/gaussian_tree.py                     396     61    152     43    80%   32, 34, 60, 65, 69, 75, 79, 110-116, 168, 171, 176, 207, 241-242, 246, 263-269, 277-279, 295, 302, 311, 341, 351, 355, 371, 385, 396, 429, 448-449, 482, 497, 503, 507, 531, 535, 563, 588, 590, 593, 615, 617, 622, 628, 640, 642, 648, 653-654, 658
nwkit/general_ou_asr.py                    137     17     40     11    84%   48, 51-52, 54-55, 89, 96, 105, 117, 158, 207-208, 210, 233, 235, 237-238
nwkit/hidden_rate_asr.py                    73      7     40      8    87%   22, 78, 80, 82, 85, 87, 100, 116->118
nwkit/image.py                            2523    577    944    201    74%   239-240, 269-270, 283, 292-293, 297, 320, 325, 330-331, 335, 349, 382-383, 385->387, 422->424, 429, 440, 482-486, 523-524, 532->546, 544-545, 547-551, 557, 571->573, 574, 590-593, 602, 612, 619-622, 628-629, 633, 662-663, 665-670, 678, 696, 700, 709, 713, 717, 725, 737, 777, 780-797, 799, 806, 826, 833-842, 860-861, 890-891, 893, 897, 903, 935, 943-947, 960, 967-983, 997-998, 1000, 1013, 1026-1027, 1031, 1075, 1089, 1093, 1099, 1107, 1113-1122, 1134-1135, 1142-1144, 1149, 1155, 1157, 1163->1161, 1167->1165, 1170, 1187, 1193->1211, 1196, 1217, 1222-1234, 1259, 1263, 1271, 1282->1284, 1290->1244, 1294, 1327, 1351, 1360, 1376-1383, 1400, 1409-1412, 1414->1417, 1416, 1422-1424, 1501, 1522, 1544->1546, 1551, 1554->1556, 1586, 1651, 1660-1661, 1681, 1688-1689, 1692, 1703, 1706, 1720, 1724, 1726, 1785, 1790-1791, 1807-1809, 1822-1827, 1842-1844, 1889, 1891, 1893, 1895, 1922, 1956-1957, 1971, 1976-1980, 1984-2015, 2025-2074, 2084, 2095, 2107, 2112, 2127, 2130->2129, 2135, 2141, 2147, 2153, 2168, 2173, 2177-2179, 2186-2200, 2202->2212, 2217-2244, 2247-2248, 2298, 2314-2315, 2316->2318, 2324->2326, 2334, 2341, 2355, 2359-2364, 2375, 2405, 2408, 2451-2453, 2456, 2459, 2462, 2465, 2468-2471, 2487-2503, 2506-2520, 2533, 2536-2540, 2556, 2559, 2563, 2566->2579, 2572-2573, 2588->2579, 2601, 2609, 2670-2673, 2705->2738, 2725, 2740, 2746, 2773, 2777, 2785, 2788, 2818-2820, 2825-2844, 2847-2862, 2865-2886, 2889-2910, 2992, 2994->2988, 3005->2999, 3013, 3017, 3042-3043, 3080-3084, 3120->3112, 3133, 3142, 3163-3164, 3170-3171, 3174-3175, 3251, 3269->3271, 3272, 3273->3275, 3334-3338, 3342-3365, 3390-3392, 3397-3419, 3425-3438, 3441-3458, 3461-3479, 3512, 3530, 3586-3590, 3592, 3594, 3600, 3602, 3604, 3606, 3607->3584, 3609, 3661-3671, 3710-3717, 3725, 3732-3733, 3737, 3739, 3749, 3759, 3770-3771, 3794-3796, 3817-3818, 3824, 3838, 3845-3853, 3869-3870, 3914->3913, 3917, 3948-3949, 3992->3999, 4069->4073, 4073->4077, 4085, 4096, 4102, 4104, 4113, 4116, 4120, 4127->exit, 4153-4160, 4173-4180, 4187, 4243, 4259-4260, 4262-4265, 4270, 4280->4287, 4312-4319, 4347->4350, 4356, 4360, 4402, 4419, 4578->4581
nwkit/image_metadata.py                    264     60    142     34    73%   177, 181, 185, 187, 189, 199, 204, 206, 208, 210, 212, 216, 224-225, 250->252, 289-292, 297, 300, 304-305, 333, 336->346, 338, 340, 344, 352, 355-358, 361, 365-366, 373, 381->384, 441-447, 453, 458, 466-467, 483-484, 493, 495, 497, 501, 507-520
nwkit/individual_asr.py                    144      4     50      4    96%   46, 55, 145, 264
nwkit/individual_covariance.py             304     24    126     23    89%   95, 126, 148, 232-233, 271->259, 274, 277, 319, 323, 338, 344, 412, 416, 426, 428, 434, 437, 446, 449, 475, 506, 514, 516, 520
nwkit/info.py                               52      2     26      2    95%   66, 71
nwkit/intersection.py                      215     13     90     10    92%   79, 107, 116, 185-192, 197, 200->202, 269-270, 272, 321, 330
nwkit/iqtree_library.py                    124     27     46     10    76%   86, 99->98, 108, 120, 132, 136, 146, 152, 161-196, 222-223, 228
nwkit/iqtree_worker.py                     100     10     32      5    89%   30-32, 35-36, 64, 67, 72, 76, 80
nwkit/jump_asr.py                           25      3      4      1    86%   16-17, 47
nwkit/label.py                              25      0      8      0   100%
nwkit/latent_gaussian.py                    93      5     16      3    93%   90, 94-95, 121, 138
nwkit/mark.py                               84      0     48      1    99%   103->100
nwkit/markov_gaussian_asr.py                83     10     32     10    83%   22, 30, 33, 45, 47, 68, 88, 117, 121, 125
nwkit/mcmc_diagnostics.py                   91      1     40      1    98%   34
nwkit/mcmctree.py                          490     91    244     40    81%   60->65, 82, 84, 99-100, 102, 111, 118, 120-123, 152->165, 160-163, 168-169, 179->185, 195, 205-224, 253, 278-280, 287-289, 291-293, 295-297, 305-307, 319-321, 335-338, 340-342, 345-359, 369, 377, 382->384, 448-449, 468, 477-478, 516, 519-522, 525-536, 615, 629, 636-638, 722, 727-730, 790, 794, 804, 855, 874
nwkit/measurement_error.py                 721    126    256     75    77%   77, 79, 84, 117, 124-125, 142, 147, 155, 163, 165, 168, 208->212, 214, 228, 296, 301->304, 329, 337-338, 341, 355->359, 361, 367, 372-375, 430, 438, 555-556, 573, 576, 587, 606->610, 612, 620, 690, 696-700, 702-706, 708-716, 720, 722-745, 757-760, 772, 785-786, 827-836, 845, 856, 874, 885, 902, 924, 931, 943, 957, 964, 992-998, 1011, 1013, 1047-1049, 1060, 1097, 1165->1183, 1168-1169, 1175-1178, 1214, 1220, 1287, 1295, 1298->1257, 1322-1323, 1363, 1384, 1454-1457, 1460-1461, 1470, 1522->1514, 1525, 1528-1538, 1540, 1548, 1553, 1560, 1564-1565
nwkit/model_matrix.py                      364     78    144     38    74%   80-81, 88, 102-109, 121-122, 123->113, 130, 206, 208, 211-212, 224, 247, 253, 276, 290, 294, 311, 324, 329, 342, 348-352, 354-360, 369, 386, 428, 435, 455, 507-518, 525, 535, 537, 555-569, 573, 604, 629, 633, 681, 724, 730, 745, 757, 775-797, 814
nwkit/model_specs.py                        20      2      0      0    90%   87-88
nwkit/monophyly.py                          43      2     18      3    92%   39->37, 47, 81
nwkit/multivariate_asr.py                  309     27    138     17    89%   46, 54, 57-60, 69, 74, 83, 109-113, 136-140, 142, 151, 155, 177, 180-181, 185, 193-194, 283, 291, 305, 590->593
nwkit/multivariate_gaussian_asr.py         639     37    202     34    92%   121, 124-125, 127-128, 151, 163, 166, 170, 196, 210, 216, 266, 303, 338, 370->379, 381, 433, 463, 479, 559, 626, 685, 700, 738-743, 874, 877, 953, 955, 1025, 1031, 1045, 1051, 1080, 1167, 1171, 1173
nwkit/multivariate_pgls.py                 317     26    118     22    89%   98, 143-148, 154, 191, 203, 209, 231, 233, 235, 238, 242, 245, 270, 273, 295, 387, 397, 451, 555, 567, 588-597, 599
nwkit/nhx2nwk.py                            13      0     10      1    96%   15->12
nwkit/nonstationary_continuous_asr.py      214     39     72     21    76%   62-77, 120, 149-150, 153, 165->164, 175->164, 180->182, 183, 198->204, 207, 209, 211, 268-269, 271, 275, 283->325, 309-324, 326, 379, 398-399, 412->415, 429-430, 433, 443
nwkit/nwk2table.py                          42      2     18      2    93%   26, 70
nwkit/optimization.py                      146     11     60      8    90%   38-39, 55, 82, 84, 89, 112->118, 133->128, 193, 195-198
nwkit/ordinary_regression.py               890    117    344     74    83%   217, 220, 222, 230-231, 328, 439->441, 443, 511-512, 514, 517, 528, 533-534, 538, 556, 630, 639, 641, 643, 647, 655, 657, 663, 665, 676, 678, 685, 714, 720, 818, 825, 839, 916, 918-924, 974, 999-1000, 1200, 1207, 1216-1217, 1246, 1307-1344, 1859, 1861, 1863, 1865, 1877, 1889-1890, 1901-1902, 1904-1915, 1919, 2025, 2137, 2365, 2418, 2461, 2503, 2505, 2508, 2542, 2605, 2613, 2627-2628, 2634, 2872, 2878-2884, 2888-2889, 2895, 2947, 2960, 2973, 2980, 3065, 3127, 3214, 3248, 3294, 3398-3399, 3432, 3471->3473, 3487->3491, 3492
nwkit/ou_asr.py                            567     66    228     48    85%   85, 88, 102, 106-110, 124, 135, 142, 163, 171, 175-182, 197-199, 201-203, 212, 246-247, 249, 271, 299, 317, 329, 346, 351-356, 404, 411, 418, 423, 444, 469, 492, 495-496, 498, 500, 531->535, 534, 541, 574, 600, 652-667, 693->700, 723-724, 822, 824-826, 837->exit, 877-878, 928, 930, 978, 981, 994->996, 1017, 1046, 1082
nwkit/output_transaction.py                208     17     76      9    90%   36-37, 43, 60, 101-102, 129-131, 144, 150, 167->169, 174, 176, 178-181, 203->198
nwkit/pagel_asr.py                          82      7     28      7    87%   33, 41, 45, 73, 96, 115, 147
nwkit/pca.py                               112      2     34      2    97%   93, 129
nwkit/pca_cli.py                            17      0      2      0   100%
nwkit/pca_figure.py                         58      3     16      2    93%   19-20, 26, 115->128
nwkit/penalized_phylogenetic.py            285     25     90     18    88%   47, 71, 73, 77, 177, 197->224, 205-223, 230, 305, 312, 317, 351, 362, 385, 387, 436-437, 461->463, 531, 533-534
nwkit/phylogenetic_glmm.py                1699    192    590    122    85%   176-177, 188, 192, 242-243, 257, 269-274, 304, 311, 318, 325, 436->447, 445->447, 448-451, 460, 466, 471, 504->506, 580, 584, 591, 638->664, 641, 686, 689, 743->776, 747, 754-755, 760->771, 772, 776->782, 784-807, 812, 825, 837->839, 854, 877, 898, 913-915, 918, 922, 925-930, 954, 959, 967, 984-998, 1010, 1025, 1045, 1059, 1071, 1087, 1102, 1184, 1304->1323, 1466, 1485, 1490, 1492, 1499, 1507, 1513, 1517, 1524, 1535, 1557, 1578, 1595, 1600, 1621, 1624, 1626, 1632, 1651, 1655, 1657, 1662, 1742, 1746, 1753->1764, 1773, 1780, 1845, 1917, 1978, 2045-2056, 2078-2085, 2127-2138, 2146-2149, 2152-2153, 2158-2160, 2164-2165, 2169-2171, 2175-2178, 2204-2216, 2383->2423, 2394, 2477, 2519, 2539->2542, 2584, 2599, 2723, 2816, 2964, 2969, 2981, 2991, 2993, 2997, 2999, 3005, 3009, 3016, 3022, 3038, 3050, 3055, 3066->3075, 3076, 3082, 3088, 3159, 3198, 3211-3212, 3254-3255, 3257, 3259->3244, 3262, 3292-3295, 3304, 3510->3524, 3518, 3578, 3669
nwkit/phylogenetic_pca.py                  102     10     32     10    85%   29, 51, 67, 88, 96, 100, 106, 108, 120, 127
nwkit/phylogenetic_predictive.py            24      2      8      2    88%   31, 39
nwkit/printlabel.py                         20      0      8      0   100%
nwkit/provenance.py                        623     91    276     49    82%   185, 188, 198, 214, 221->223, 223->225, 230, 244, 255-264, 269->252, 278-286, 294-296, 313, 369->407, 373-374, 375->407, 387->407, 389-401, 411->413, 418, 425-426, 428, 435, 441-442, 452-453, 500, 514-516, 530-531, 542-543, 627-628, 639, 653, 655-658, 660-663, 670->672, 685, 686->707, 705-706, 745->747, 751, 753, 757, 760->765, 762-764, 770->772, 778->780, 801, 812->814, 814->818, 863-865, 900-901, 923-924, 925->exit, 950, 955->945, 957->945, 961-963, 974, 994-995, 1007, 1009, 1033-1036
nwkit/prune.py                              44      2     28      2    94%   37->39, 44-50
nwkit/radte.py                             330     63    148     38    77%   71, 85, 89, 91, 93, 95, 99, 103, 105, 109, 111, 115, 133, 154, 159, 175, 184, 200, 206-211, 214, 226, 230, 251, 261, 301-302, 312, 315, 319, 321, 328-332, 359, 382->389, 385-388, 395, 411-417, 420, 432-449, 454, 458, 679, 688
nwkit/radte_calibrated.py                  137     46     50     18    61%   24, 35-41, 43, 51, 53, 60, 71, 89-90, 107-115, 130, 139, 167-170, 206, 212, 214, 218-220, 222-223, 248-249, 260-274
nwkit/radte_cli.py                          64      0      8      0   100%
nwkit/radte_codon.py                        82      3     38      3    95%   59, 95, 101
nwkit/radte_compare.py                     106     16     48     16    79%   24, 58, 64, 68, 75, 80, 84, 97, 104, 113, 118, 120, 129, 133, 232, 237
nwkit/radte_compare_plot.py                 76      1     20      1    98%   175
nwkit/radte_components.py                   46      0     10      0   100%
nwkit/radte_ensemble.py                     82     13     28      7    80%   26, 56, 60, 64-68, 87, 136-137, 155-156, 162-163
nwkit/radte_exact_interval.py               53      9     16      6    78%   22, 27, 29, 46-47, 54-55, 68-69
nwkit/radte_inputs.py                      310     40    162     35    83%   55->53, 57, 69, 93, 96, 99, 102, 105, 123, 130, 132, 137, 139, 150, 153-158, 167, 196, 200, 207, 214, 218, 237-239, 243, 251, 256, 272->283, 280, 302, 304, 306, 308, 321, 352, 380, 446-447, 458
nwkit/radte_iqtree.py                      296    154    124     14    47%   57, 71, 106, 108, 111, 115, 123, 126, 137-146, 150-192, 196-199, 216, 228, 230, 240-242, 280, 309-335, 338-340, 343-396, 401-405, 408-419, 422-432, 435-512, 515-529, 532-533, 536-550, 579
nwkit/radte_marginal.py                    192      8     22      3    95%   299->303, 330-339
nwkit/radte_model.py                       350     22    120     20    91%   47, 200, 212->216, 263, 292->296, 358, 382, 400, 406, 411, 441, 484, 486, 507, 531, 536-538, 567-568, 570-571, 586-587, 618->exit
nwkit/radte_paml.py                        180     10     58     10    92%   59->40, 104, 201, 212, 226, 234, 275->277, 278, 294, 299-300, 316
nwkit/radte_sequence.py                    241     12     84     12    93%   48, 94, 111, 123, 135, 170, 272, 298, 383, 415, 419, 432
nwkit/radte_sequence_fit.py                 70      2     24      2    96%   69, 124
nwkit/radte_simulation.py                   40      3     18      3    90%   15, 35, 52
nwkit/radte_species.py                      34      4     20      4    85%   26, 42, 45, 63
nwkit/radte_studentized.py                  68      7     24      4    88%   49, 104-105, 113-114, 119-120
nwkit/radte_uncertainty.py                 203     30     88     18    84%   21-25, 29-32, 61, 90, 120, 122, 125-126, 146, 229-231, 276, 278, 285, 309, 313-318, 320-322, 339, 343-344, 350, 352-353
nwkit/reconcile.py                         346     45    142     26    85%   76, 86, 99, 106, 110, 137, 160-162, 164-166, 180-181, 194-196, 205-207, 249-251, 253-255, 265-266, 268-274, 286, 333, 433, 453-454, 457, 472, 644, 745-752, 809->814, 821, 823
nwkit/reconciliation_properties.py          23      1     16      2    92%   13, 21->18
nwkit/regime_continuous_asr.py             340     61    116     25    78%   99, 103, 106-112, 120, 129, 136, 152, 155-156, 158, 182, 207, 248, 279->277, 315-329, 333, 335, 354, 389, 393-394, 397, 464, 485-486, 511, 513, 550-556, 560-589, 609, 613
nwkit/regime_drift_asr.py                  179     55     68     16    62%   50, 53-54, 56-57, 72, 89, 119, 129, 133-156, 181, 185, 216, 230, 238, 261-264, 266-269, 298-306, 309, 328, 330-340
nwkit/regime_gaussian_asr.py               347     41    132     27    85%   88, 99, 102-103, 105, 111, 114-115, 117, 140, 163-164, 166, 179, 192, 199, 218, 220, 222, 224, 363, 372, 378, 453-457, 506, 519-524, 545, 547, 553, 555, 587, 708, 744, 758-759
nwkit/regress.py                          1669    197    700    158    85%   78->80, 88-91, 320, 323, 325, 332, 336, 349-350, 352, 359, 369-370, 374, 378, 388, 413-414, 420, 427, 439, 448, 455-456, 520, 524, 526, 544, 552, 556, 564, 571, 578, 613, 621, 625, 629, 634, 672, 694, 703, 750, 768, 793, 803, 805, 811, 836, 847, 851, 855, 862, 865, 882, 895, 963, 972, 993, 1080, 1092, 1104, 1175-1176, 1230, 1236->1238, 1243, 1254, 1279, 1293-1295, 1368, 1379, 1383, 1389, 1402, 1433, 1457-1460, 1491, 1556, 1600, 1648, 1681-1682, 1697, 1706-1707, 1716, 1747, 1754, 1787->1780, 1790, 1794, 1807, 1832, 1849, 1874, 1899-1900, 1902, 1909, 1936, 1964-1965, 1967, 1974, 1998-2003, 2081, 2116, 2117->2126, 2119, 2151, 2249-2250, 2254, 2373-2375, 2411, 2502, 2555-2557, 2663, 2961, 2995, 3091, 3169-3171, 3361, 3363, 3365, 3367, 3369, 3375, 3377, 3379, 3381, 3387, 3393, 3404, 3412, 3414, 3426, 3442, 3454, 3484, 3503, 3649, 3689, 3724-3749, 3757-3761, 3902, 3983, 4195, 4222, 4230, 4355, 4364-4367, 4378, 4382, 4384, 4389, 4394, 4442, 4498, 4501, 4587->4592, 4598, 4606, 4614, 4621->4626, 4632, 4640, 4650, 4655, 4659, 4695->4697, 4697->4701, 4702, 4712-4715, 4723, 4725, 4727, 4785, 4794
nwkit/regression_inference.py               41      4     14      4    85%   24, 31, 71, 75
nwkit/regression_observation.py            123     15     52     14    83%   14, 23, 41, 62, 66, 70, 73, 75, 88, 99, 109->115, 127, 170, 174, 198-199
nwkit/regression_pipeline.py               997    126    328     68    84%   162, 223-241, 275, 283, 288->290, 311, 334-337, 339, 579, 592, 604, 610, 836, 854->856, 858, 908, 1108, 1151-1173, 1228, 1231, 1242, 1321, 1368, 1391, 1430-1431, 1497, 1532, 1553, 1611-1612, 1616, 1627->1669, 1630-1637, 1647, 1658, 1661-1666, 1695, 1701, 1807-1808, 1810, 1815, 1843, 1881-1883, 1933-1940, 2213-2246, 2280, 2436, 2762, 2783-2806, 2808-2818, 2823, 2843->2845, 2882, 2884, 2886, 2888, 2893, 2902, 2916-2923, 2947, 3001, 3083, 3212, 3219, 3226, 3292, 3299, 3305, 3338, 3345, 3459
nwkit/regression_selection.py              175     21     64     18    84%   30, 32, 34, 36, 104-110, 116->114, 121-122, 147-148, 183, 186, 188, 287, 314, 358, 368, 373->377, 379, 381, 386, 390
nwkit/regression_selection_cli.py           23      0      0      0   100%
nwkit/rename.py                            129     16     68     18    83%   22, 32, 34, 36, 46, 57, 96, 101->93, 112, 113->110, 115, 123, 129, 135-139, 142, 153, 157, 173->177
nwkit/replicates.py                        525     79    220     67    80%   42, 50, 54-56, 69, 91, 93, 111, 122, 130, 198, 200, 235, 281, 295-296, 305-306, 318, 341-343, 350, 359, 365-367, 372, 384, 390, 398, 400, 406, 415, 418, 422, 459, 473, 480, 495, 541, 562-564, 585, 615->630, 645, 662-663, 697->703, 716, 726, 748, 770, 794, 796, 798, 802, 804, 806, 811, 821, 848, 850, 856, 858, 875, 879, 887, 890, 902, 929, 946, 1011, 1037, 1042, 1048-1049, 1054, 1057
nwkit/rescale.py                            17      0     10      0   100%
nwkit/result_plot.py                       370     29    144     16    90%   38, 42, 56-60, 88-91, 104-107, 231, 291, 322, 377, 590, 632, 640, 665, 822-824, 841, 847, 851
nwkit/result_plot_cli.py                    18      0      6      0   100%
nwkit/result_plot_data.py                  168     23     94     22    83%   39, 57, 59, 61, 76, 87, 101-102, 104, 121, 124->109, 159, 168, 195, 222, 231, 242, 246, 251, 258, 266, 274, 292, 304
nwkit/rf_distance.py                        19      0     10      0   100%
nwkit/root.py                             1703    166    770    115    88%   76-87, 93->exit, 101-107, 118, 120, 130, 137-145, 154-155, 159, 165, 168-171, 177, 183->185, 193, 237-238, 342->351, 344->351, 376, 379->385, 403, 476-477, 530, 538, 588-594, 599, 610, 620-621, 635, 644, 647, 685, 720->724, 725, 768, 789, 804, 808, 812, 842->844, 845, 863-864, 912-924, 942-947, 1020->1026, 1051->exit, 1070, 1158, 1181, 1386, 1389, 1421, 1441, 1575, 1579, 1616, 1660->1666, 1679, 1700, 1710-1714, 1754, 1815, 1841, 1866->1872, 1872->1876, 1886, 1894, 1903, 1907, 1925, 1930, 1956, 1958, 1960, 1987, 1989, 2039, 2046, 2060, 2076, 2079->2081, 2091, 2106, 2112, 2118, 2145, 2148, 2150, 2171->2175, 2176, 2181, 2229, 2238-2239, 2241-2242, 2245, 2259, 2274, 2308-2309, 2311-2312, 2316, 2318, 2323, 2328, 2334, 2337, 2339, 2341, 2343, 2349-2350, 2353, 2362, 2381-2382, 2386-2387, 2391, 2396, 2413, 2428, 2442, 2481, 2483, 2534, 2569, 2585-2586, 2590, 2714, 2848-2849, 2872, 3003
nwkit/root_compare.py                      486     47    232     44    87%   114, 123, 125, 129, 139->141, 142, 180, 191, 193, 202, 249, 278->300, 296, 309-310, 312, 318, 338, 350, 368->375, 443, 466->exit, 474, 477-478, 493, 514->505, 534, 552, 718-726, 750-751, 760, 782, 809, 818, 821, 823, 843, 888, 890, 894, 904, 908, 911, 915, 932-933, 940->942, 955->exit, 973
nwkit/root_evaluation.py                    89      9     24      8    85%   76, 79, 93, 104->120, 107-108, 116-117, 118->120, 123, 125
nwkit/rooting_state.py                     100      2     34      2    97%   101, 150
nwkit/rsc_diagnostics.py                    76      4     24      4    92%   44, 68, 122, 124
nwkit/sample.py                            255     34    102     22    84%   37, 47, 56, 69, 78, 80, 91, 107, 125-126, 136, 140-148, 159, 192-193, 220-221, 225, 251-252, 258, 296, 330->337, 338, 358, 394, 418, 445, 449
nwkit/sanitize.py                           20      0     12      0   100%
nwkit/shift.py                             170     15     86     15    88%   41, 55, 59, 85, 93, 97, 101, 165, 175, 182, 207, 223, 228, 268, 389
nwkit/shift_backend.py                      17      1      4      1    90%   136
nwkit/shift_backend_probe.py                39      3     16      3    89%   156, 193, 198
nwkit/shift_bootstrap.py                    57      6     26      5    87%   12, 18, 24, 46, 126-128
nwkit/shift_calibrated_output.py            52      7     20      5    81%   24, 65-68, 238, 241->243, 244
nwkit/shift_calibration.py                 207     11     78      9    92%   40, 66, 89, 103, 127-130, 222, 264, 270->305, 282, 303->270
nwkit/shift_candidates.py                   72      3     42      3    95%   61, 66, 77
nwkit/shift_cli.py                          27      0      0      0   100%
nwkit/shift_convergence.py                  57     21     28      1    62%   120->122, 127-150
nwkit/shift_math.py                         32      1     12      1    95%   23
nwkit/shift_reference.py                    57      7     28      7    84%   24, 30, 41, 46, 51, 88, 92
nwkit/shift_results.py                     122     11     60     11    88%   16, 23, 33, 39, 142, 216, 247, 257, 260, 269, 274
nwkit/shuffle.py                            62      2     22      1    96%   29-32
nwkit/signal.py                            131      6     50      4    94%   61, 77, 148-154, 168, 180
nwkit/signal_cli.py                         15      0      0      0   100%
nwkit/signal_stats.py                      136      5     36      5    94%   27, 42, 54, 59, 108
nwkit/skim.py                              140      5     78      6    95%   112, 141, 161, 167->169, 212, 214
nwkit/sparse_laplace.py                    277     35     74     26    81%   50-55, 67, 73, 194, 198, 201, 221, 238, 255, 269, 272, 274->276, 308, 315->325, 321, 338, 355-357, 369, 381-384, 400, 410, 430, 434, 440-443, 459, 478
nwkit/species_parser.py                    162     19     76     20    84%   57, 60-61, 68, 102->113, 107, 109->104, 111->113, 114, 116, 129, 131, 139, 143, 151, 170, 193, 200, 218, 249, 251, 260
nwkit/stochastic_history.py                106      5     36      5    93%   36, 82, 101, 123, 151
nwkit/stochastic_map_io.py                 132      8     60     10    91%   46, 59, 60->49, 76, 116, 120, 124, 130, 194->196, 237
nwkit/stochastic_map_tables.py             113      3     54      3    96%   195, 203, 233
nwkit/subtree.py                            45      3     20      3    91%   63->79, 67, 75-76
nwkit/table2nwk.py                         145     18     72     13    86%   37, 44-45, 55-56, 84, 93, 97, 101, 119, 121-125, 141, 145, 153, 156, 159, 188
nwkit/threshold_asr.py                     270     26     96     17    88%   66-67, 84-85, 87, 101, 105-106, 108, 114, 118-119, 121, 151-152, 177, 223->216, 230, 252-253, 257, 259, 283, 285, 303, 309, 320
nwkit/threshold_diagnostics.py              50      0     10      0   100%
nwkit/time_tree.py                         255     26    110     19    88%   68, 83, 228-229, 238, 245, 250, 255-256, 258, 273, 275, 284, 291, 296-297, 301, 303, 326->331, 329-330, 365, 375, 377, 379, 412, 457
nwkit/trait_input.py                        17      0      6      0   100%
nwkit/transfer.py                          499     60    264     39    86%   96, 121->119, 126, 137, 154, 164->166, 175, 189, 200, 208, 212, 216, 239, 251, 270, 273, 291, 306, 318, 355, 357, 360, 451, 492, 499-500, 506, 516, 539, 546-547, 553, 564, 604, 606, 674, 685, 706-730, 732-738, 740-746, 749-750, 752-763, 771, 827-828, 1069
nwkit/transformed_continuous_asr.py        134     24     34     11    77%   47, 55, 61, 70-85, 114, 124, 158, 166, 185, 194, 213, 218, 223
nwkit/tree_formats.py                      334     32    194     30    88%   74, 81, 84->79, 86, 110->112, 125, 134, 138, 152-153, 155, 159, 168, 183, 190-191, 203, 210, 226-227, 233, 239, 246, 256, 289, 294, 302, 304, 325->331, 415, 462, 467, 471, 495, 506
nwkit/tree_outputs.py                       48      3     20      3    91%   16, 18, 30
nwkit/util.py                             1442    194    664    104    85%   143, 165, 171, 185-186, 188, 193, 211-212, 230, 232, 248, 251, 253->255, 304, 325, 363, 369, 394-416, 423->425, 426->431, 427->431, 446, 456-457, 473-474, 478->487, 482-483, 522->530, 525-526, 536, 548, 555, 572->577, 583, 589, 605, 620-621, 672->674, 692-693, 698-699, 701, 712-717, 729-762, 767, 771-772, 778, 785-786, 792, 795-796, 809-810, 818-823, 837, 839, 843->849, 845, 857->863, 868->875, 876, 888, 894, 900-902, 916, 924, 926, 928, 933->946, 943, 970, 992, 1000-1001, 1028-1030, 1035, 1037, 1039, 1047-1048, 1052, 1059, 1106-1107, 1110, 1113, 1114->1122, 1121, 1138->1149, 1141-1142, 1146, 1152, 1155, 1165, 1167, 1171, 1200-1201, 1205, 1216-1217, 1219, 1225, 1268-1269, 1289, 1342-1343, 1349-1350, 1397->1395, 1432, 1475->1477, 1484, 1521->1523, 1525, 1531, 1541-1543, 1546->1548, 1586, 1607, 1618, 1633, 1685-1686, 1688, 1719-1720, 1735, 1739->1741, 1751->1753, 1754, 1758-1759, 1770-1771, 1775, 1787, 1796, 1920, 1966, 2002, 2032, 2090, 2093, 2096, 2103-2112, 2225
nwkit/validate.py                          158     12     72     10    90%   86, 95-96, 139, 142-143, 203, 263, 276, 277->279, 334, 374, 378
nwkit/vector_fit.py                         80      3     24      6    91%   29, 48->50, 50->52, 52->54, 145, 147
nwkit/vector_gaussian.py                   199     13     56     15    89%   51, 61, 87, 106, 111, 113, 118, 121, 130, 209, 252, 255->264, 271, 278->311, 289
nwkit/vector_mean.py                        24      1      6      1    93%   26
nwkit/vector_ou_fit.py                     103     16     40     11    77%   42, 63, 67, 69->73, 71, 74, 118, 120-123, 176-178, 194, 209-211
nwkit/vector_processes.py                   51      4     16      4    88%   14, 22, 36, 57
nwkit/vector_simulation.py                  37      2     18      2    93%   15, 37
------------------------------------------------------------------------------------
TOTAL                                    46759   5441  18592   3382    85%
+ /Users/kf/miniforge3/bin/python tools/check_maintainability.py
Warning: nwkit/asr.py:_write_stochastic_map: complexity increased from 2 to 3; review the added branching.
Warning: nwkit/asr.py:asr_main: complexity increased from 4 to 7; review the added branching.
Warning: nwkit/cli.py:command_draw: complexity increased from 1 to 4; review the added branching.
Warning: nwkit/conventions.py:get_stdin_input_options: complexity increased from 6 to 8; review the added branching.
Warning: nwkit/convert.py:convert_tree_text: complexity increased from 10 to 12; review the added branching.
Warning: nwkit/draw.py:_draw_tree: complexity increased from 8 to 9; review the added branching.
Warning: nwkit/gaussian.py:effective_likelihood_settings: complexity increased from 9 to 10; review the added branching.
Warning: nwkit/ordinary_regression.py:_categorical_coefficient_rows: complexity increased from 17 to 19; review the added branching.
Warning: nwkit/ordinary_regression.py:fit_ordinary_regression: complexity increased from 29 to 34; review the added branching.
Warning: nwkit/phylogenetic_glmm.py:_fit_scalar_phylogenetic_glmm: complexity increased from 23 to 24; review the added branching.
Warning: nwkit/phylogenetic_glmm.py:_fixed_parameter_covariances: complexity increased from 8 to 9; review the added branching.
Warning: nwkit/phylogenetic_glmm.py:_scalar_random_mode: complexity increased from 17 to 18; review the added branching.
Warning: nwkit/phylogenetic_glmm.py:_validate_glmm_call_options: complexity increased from 22 to 40; review the added branching.
Warning: nwkit/phylogenetic_glmm.py:_wald_coefficient_summary: complexity increased from 6 to 9; review the added branching.
Warning: nwkit/phylogenetic_glmm.py:fit_phylogenetic_glmm: complexity increased from 21 to 25; review the added branching.
Warning: nwkit/phylogenetic_glmm.py:summarize_glmm_coefficient: complexity increased from 7 to 13; review the added branching.
Warning: nwkit/phylogenetic_glmm.py:summarize_glmm_omnibus: complexity increased from 2 to 4; review the added branching.
Warning: nwkit/phylogenetic_glmm.py:summarize_glmm_threshold: complexity increased from 3 to 5; review the added branching.
Warning: nwkit/provenance.py:_input_path_candidates: complexity increased from 23 to 28; review the added branching.
Warning: nwkit/provenance.py:_output_file_records: complexity increased from 18 to 19; review the added branching.
Warning: nwkit/provenance.py:_planned_output_records: complexity increased from 9 to 10; review the added branching.
Warning: nwkit/reconcile.py:reconcile_main: complexity increased from 2 to 8; review the added branching.
Warning: nwkit/regress.py:_append_lineage_inference_rows: complexity increased from 9 to 14; review the added branching.
Warning: nwkit/regress.py:_fit_covariance_model: complexity increased from 32 to 39; review the added branching.
Warning: nwkit/regress.py:_parametric_bootstrap_coefficients: complexity increased from 7 to 8; review the added branching.
Warning: nwkit/regress.py:_parametric_bootstrap_eiv_coefficients: complexity increased from 7 to 8; review the added branching.
Warning: nwkit/regression_pipeline.py:_fit_reconciled_gaussian_responses: complexity increased from 6 to 7; review the added branching.
Warning: nwkit/regression_pipeline.py:_reconciled_pglmm_rows: complexity increased from 18 to 20; review the added branching.
Warning: nwkit/regression_pipeline.py:build_regression_pipeline: complexity increased from 35 to 36; review the added branching.
Warning: nwkit/tree_formats.py:_node_suffix: complexity increased from 17 to 23; review the added branching.
Warning: nwkit/tree_formats.py:transform_annotations: complexity increased from 4 to 5; review the added branching.
Radon: 3150 functions, 6.75 average (informational), 50 maximum; all hard limits respected.
