{"completed": 1, "total": 120, "status": "complete", "job": {"kind": "pilot", "traits": 2, "truth": "shared", "scenario": "null", "replicate": 1, "mode": "shared", "repeats": 3, "timeout": 180}}
{"completed": 2, "total": 120, "status": "complete", "job": {"kind": "pilot", "traits": 2, "truth": "shared", "scenario": "null", "replicate": 0, "mode": "shared", "repeats": 3, "timeout": 180}}
{"completed": 3, "total": 120, "status": "complete", "job": {"kind": "pilot", "traits": 2, "truth": "shared", "scenario": "null", "replicate": 2, "mode": "shared", "repeats": 3, "timeout": 180}}
{"completed": 4, "total": 120, "status": "complete", "job": {"kind": "pilot", "traits": 2, "truth": "shared", "scenario": "null", "replicate": 2, "mode": "trait-specific", "repeats": 3, "timeout": 180}}
{"completed": 5, "total": 120, "status": "complete", "job": {"kind": "pilot", "traits": 2, "truth": "shared", "scenario": "null", "replicate": 1, "mode": "trait-specific", "repeats": 3, "timeout": 180}}
{"completed": 6, "total": 120, "status": "complete", "job": {"kind": "pilot", "traits": 2, "truth": "shared", "scenario": "null", "replicate": 3, "mode": "shared", "repeats": 3, "timeout": 180}}
{"completed": 7, "total": 120, "status": "complete", "job": {"kind": "pilot", "traits": 2, "truth": "shared", "scenario": "null", "replicate": 4, "mode": "shared", "repeats": 3, "timeout": 180}}
{"completed": 8, "total": 120, "status": "complete", "job": {"kind": "pilot", "traits": 2, "truth": "shared", "scenario": "null", "replicate": 3, "mode": "trait-specific", "repeats": 3, "timeout": 180}}
{"completed": 9, "total": 120, "status": "complete", "job": {"kind": "pilot", "traits": 2, "truth": "shared", "scenario": "null", "replicate": 5, "mode": "shared", "repeats": 3, "timeout": 180}}
{"completed": 10, "total": 120, "status": "complete", "job": {"kind": "pilot", "traits": 2, "truth": "shared", "scenario": "null", "replicate": 6, "mode": "shared", "repeats": 3, "timeout": 180}}
{"completed": 11, "total": 120, "status": "complete", "job": {"kind": "pilot", "traits": 2, "truth": "shared", "scenario": "null", "replicate": 0, "mode": "trait-specific", "repeats": 3, "timeout": 180}}
{"completed": 12, "total": 120, "status": "complete", "job": {"kind": "pilot", "traits": 2, "truth": "shared", "scenario": "null", "replicate": 5, "mode": "trait-specific", "repeats": 3, "timeout": 180}}
{"completed": 13, "total": 120, "status": "complete", "job": {"kind": "pilot", "traits": 2, "truth": "shared", "scenario": "null", "replicate": 7, "mode": "shared", "repeats": 3, "timeout": 180}}
{"completed": 14, "total": 120, "status": "complete", "job": {"kind": "pilot", "traits": 2, "truth": "shared", "scenario": "null", "replicate": 8, "mode": "shared", "repeats": 3, "timeout": 180}}
{"completed": 15, "total": 120, "status": "complete", "job": {"kind": "pilot", "traits": 2, "truth": "shared", "scenario": "null", "replicate": 4, "mode": "trait-specific", "repeats": 3, "timeout": 180}}
{"completed": 16, "total": 120, "status": "complete", "job": {"kind": "pilot", "traits": 2, "truth": "shared", "scenario": "null", "replicate": 6, "mode": "trait-specific", "repeats": 3, "timeout": 180}}
{"completed": 17, "total": 120, "status": "complete", "job": {"kind": "pilot", "traits": 2, "truth": "shared", "scenario": "null", "replicate": 9, "mode": "shared", "repeats": 3, "timeout": 180}}
{"completed": 18, "total": 120, "status": "complete", "job": {"kind": "pilot", "traits": 2, "truth": "shared", "scenario": "aligned", "replicate": 0, "mode": "shared", "repeats": 3, "timeout": 180}}
{"completed": 19, "total": 120, "status": "complete", "job": {"kind": "pilot", "traits": 2, "truth": "shared", "scenario": "null", "replicate": 7, "mode": "trait-specific", "repeats": 3, "timeout": 180}}
{"completed": 20, "total": 120, "status": "complete", "job": {"kind": "pilot", "traits": 2, "truth": "shared", "scenario": "null", "replicate": 8, "mode": "trait-specific", "repeats": 3, "timeout": 180}}
{"completed": 21, "total": 120, "status": "complete", "job": {"kind": "pilot", "traits": 2, "truth": "shared", "scenario": "aligned", "replicate": 1, "mode": "shared", "repeats": 3, "timeout": 180}}
{"completed": 22, "total": 120, "status": "complete", "job": {"kind": "pilot", "traits": 2, "truth": "shared", "scenario": "aligned", "replicate": 0, "mode": "trait-specific", "repeats": 3, "timeout": 180}}
{"completed": 23, "total": 120, "status": "complete", "job": {"kind": "pilot", "traits": 2, "truth": "shared", "scenario": "aligned", "replicate": 2, "mode": "shared", "repeats": 3, "timeout": 180}}
{"completed": 24, "total": 120, "status": "complete", "job": {"kind": "pilot", "traits": 2, "truth": "shared", "scenario": "null", "replicate": 9, "mode": "trait-specific", "repeats": 3, "timeout": 180}}
{"completed": 25, "total": 120, "status": "complete", "job": {"kind": "pilot", "traits": 2, "truth": "shared", "scenario": "aligned", "replicate": 3, "mode": "shared", "repeats": 3, "timeout": 180}}
{"completed": 26, "total": 120, "status": "complete", "job": {"kind": "pilot", "traits": 2, "truth": "shared", "scenario": "aligned", "replicate": 4, "mode": "shared", "repeats": 3, "timeout": 180}}
{"completed": 27, "total": 120, "status": "complete", "job": {"kind": "pilot", "traits": 2, "truth": "shared", "scenario": "aligned", "replicate": 1, "mode": "trait-specific", "repeats": 3, "timeout": 180}}
{"completed": 28, "total": 120, "status": "complete", "job": {"kind": "pilot", "traits": 2, "truth": "shared", "scenario": "aligned", "replicate": 4, "mode": "trait-specific", "repeats": 3, "timeout": 180}}
{"completed": 29, "total": 120, "status": "complete", "job": {"kind": "pilot", "traits": 2, "truth": "shared", "scenario": "aligned", "replicate": 5, "mode": "shared", "repeats": 3, "timeout": 180}}
{"completed": 30, "total": 120, "status": "complete", "job": {"kind": "pilot", "traits": 2, "truth": "shared", "scenario": "aligned", "replicate": 6, "mode": "shared", "repeats": 3, "timeout": 180}}
{"completed": 31, "total": 120, "status": "complete", "job": {"kind": "pilot", "traits": 2, "truth": "shared", "scenario": "aligned", "replicate": 2, "mode": "trait-specific", "repeats": 3, "timeout": 180}}
{"completed": 32, "total": 120, "status": "complete", "job": {"kind": "pilot", "traits": 2, "truth": "shared", "scenario": "aligned", "replicate": 5, "mode": "trait-specific", "repeats": 3, "timeout": 180}}
{"completed": 33, "total": 120, "status": "complete", "job": {"kind": "pilot", "traits": 2, "truth": "shared", "scenario": "aligned", "replicate": 7, "mode": "shared", "repeats": 3, "timeout": 180}}
{"completed": 34, "total": 120, "status": "complete", "job": {"kind": "pilot", "traits": 2, "truth": "shared", "scenario": "aligned", "replicate": 8, "mode": "shared", "repeats": 3, "timeout": 180}}
{"completed": 35, "total": 120, "status": "complete", "job": {"kind": "pilot", "traits": 2, "truth": "shared", "scenario": "aligned", "replicate": 3, "mode": "trait-specific", "repeats": 3, "timeout": 180}}
{"completed": 36, "total": 120, "status": "complete", "job": {"kind": "pilot", "traits": 2, "truth": "shared", "scenario": "aligned", "replicate": 6, "mode": "trait-specific", "repeats": 3, "timeout": 180}}
{"completed": 37, "total": 120, "status": "complete", "job": {"kind": "pilot", "traits": 2, "truth": "shared", "scenario": "aligned", "replicate": 9, "mode": "shared", "repeats": 3, "timeout": 180}}
{"completed": 38, "total": 120, "status": "complete", "job": {"kind": "pilot", "traits": 2, "truth": "shared", "scenario": "opposed", "replicate": 0, "mode": "shared", "repeats": 3, "timeout": 180}}
{"completed": 39, "total": 120, "status": "complete", "job": {"kind": "pilot", "traits": 2, "truth": "shared", "scenario": "aligned", "replicate": 8, "mode": "trait-specific", "repeats": 3, "timeout": 180}}
{"completed": 40, "total": 120, "status": "complete", "job": {"kind": "pilot", "traits": 2, "truth": "shared", "scenario": "aligned", "replicate": 9, "mode": "trait-specific", "repeats": 3, "timeout": 180}}
{"completed": 41, "total": 120, "status": "complete", "job": {"kind": "pilot", "traits": 2, "truth": "shared", "scenario": "opposed", "replicate": 1, "mode": "shared", "repeats": 3, "timeout": 180}}
{"completed": 42, "total": 120, "status": "complete", "job": {"kind": "pilot", "traits": 2, "truth": "shared", "scenario": "opposed", "replicate": 2, "mode": "shared", "repeats": 3, "timeout": 180}}
{"completed": 43, "total": 120, "status": "complete", "job": {"kind": "pilot", "traits": 2, "truth": "shared", "scenario": "aligned", "replicate": 7, "mode": "trait-specific", "repeats": 3, "timeout": 180}}
{"completed": 44, "total": 120, "status": "failed", "job": {"kind": "pilot", "traits": 2, "truth": "shared", "scenario": "opposed", "replicate": 1, "mode": "trait-specific", "repeats": 3, "timeout": 180}}
{"completed": 45, "total": 120, "status": "complete", "job": {"kind": "pilot", "traits": 2, "truth": "shared", "scenario": "opposed", "replicate": 3, "mode": "shared", "repeats": 3, "timeout": 180}}
{"completed": 46, "total": 120, "status": "complete", "job": {"kind": "pilot", "traits": 2, "truth": "shared", "scenario": "opposed", "replicate": 0, "mode": "trait-specific", "repeats": 3, "timeout": 180}}
{"completed": 47, "total": 120, "status": "complete", "job": {"kind": "pilot", "traits": 2, "truth": "shared", "scenario": "opposed", "replicate": 4, "mode": "shared", "repeats": 3, "timeout": 180}}
{"completed": 48, "total": 120, "status": "complete", "job": {"kind": "pilot", "traits": 2, "truth": "shared", "scenario": "opposed", "replicate": 2, "mode": "trait-specific", "repeats": 3, "timeout": 180}}
{"completed": 49, "total": 120, "status": "complete", "job": {"kind": "pilot", "traits": 2, "truth": "shared", "scenario": "opposed", "replicate": 5, "mode": "shared", "repeats": 3, "timeout": 180}}
{"completed": 50, "total": 120, "status": "complete", "job": {"kind": "pilot", "traits": 2, "truth": "shared", "scenario": "opposed", "replicate": 6, "mode": "shared", "repeats": 3, "timeout": 180}}
{"completed": 51, "total": 120, "status": "complete", "job": {"kind": "pilot", "traits": 2, "truth": "shared", "scenario": "opposed", "replicate": 3, "mode": "trait-specific", "repeats": 3, "timeout": 180}}
{"completed": 52, "total": 120, "status": "complete", "job": {"kind": "pilot", "traits": 2, "truth": "shared", "scenario": "opposed", "replicate": 5, "mode": "trait-specific", "repeats": 3, "timeout": 180}}
{"completed": 53, "total": 120, "status": "complete", "job": {"kind": "pilot", "traits": 2, "truth": "shared", "scenario": "opposed", "replicate": 7, "mode": "shared", "repeats": 3, "timeout": 180}}
{"completed": 54, "total": 120, "status": "complete", "job": {"kind": "pilot", "traits": 2, "truth": "shared", "scenario": "opposed", "replicate": 8, "mode": "shared", "repeats": 3, "timeout": 180}}
{"completed": 55, "total": 120, "status": "complete", "job": {"kind": "pilot", "traits": 2, "truth": "shared", "scenario": "opposed", "replicate": 4, "mode": "trait-specific", "repeats": 3, "timeout": 180}}
{"completed": 56, "total": 120, "status": "complete", "job": {"kind": "pilot", "traits": 2, "truth": "shared", "scenario": "opposed", "replicate": 6, "mode": "trait-specific", "repeats": 3, "timeout": 180}}
{"completed": 57, "total": 120, "status": "complete", "job": {"kind": "pilot", "traits": 2, "truth": "shared", "scenario": "opposed", "replicate": 9, "mode": "shared", "repeats": 3, "timeout": 180}}
{"completed": 58, "total": 120, "status": "complete", "job": {"kind": "pilot", "traits": 2, "truth": "shared", "scenario": "opposed", "replicate": 7, "mode": "trait-specific", "repeats": 3, "timeout": 180}}
{"completed": 59, "total": 120, "status": "complete", "job": {"kind": "pilot", "traits": 2, "truth": "different", "scenario": "null", "replicate": 0, "mode": "shared", "repeats": 3, "timeout": 180}}
{"completed": 60, "total": 120, "status": "complete", "job": {"kind": "pilot", "traits": 2, "truth": "different", "scenario": "null", "replicate": 1, "mode": "shared", "repeats": 3, "timeout": 180}}
{"completed": 61, "total": 120, "status": "complete", "job": {"kind": "pilot", "traits": 2, "truth": "different", "scenario": "null", "replicate": 0, "mode": "trait-specific", "repeats": 3, "timeout": 180}}
{"completed": 62, "total": 120, "status": "complete", "job": {"kind": "pilot", "traits": 2, "truth": "different", "scenario": "null", "replicate": 1, "mode": "trait-specific", "repeats": 3, "timeout": 180}}
{"completed": 63, "total": 120, "status": "complete", "job": {"kind": "pilot", "traits": 2, "truth": "shared", "scenario": "opposed", "replicate": 9, "mode": "trait-specific", "repeats": 3, "timeout": 180}}
{"completed": 64, "total": 120, "status": "complete", "job": {"kind": "pilot", "traits": 2, "truth": "different", "scenario": "null", "replicate": 2, "mode": "shared", "repeats": 3, "timeout": 180}}
{"completed": 65, "total": 120, "status": "complete", "job": {"kind": "pilot", "traits": 2, "truth": "shared", "scenario": "opposed", "replicate": 8, "mode": "trait-specific", "repeats": 3, "timeout": 180}}
{"completed": 66, "total": 120, "status": "complete", "job": {"kind": "pilot", "traits": 2, "truth": "different", "scenario": "null", "replicate": 3, "mode": "shared", "repeats": 3, "timeout": 180}}
{"completed": 67, "total": 120, "status": "complete", "job": {"kind": "pilot", "traits": 2, "truth": "different", "scenario": "null", "replicate": 4, "mode": "shared", "repeats": 3, "timeout": 180}}
{"completed": 68, "total": 120, "status": "complete", "job": {"kind": "pilot", "traits": 2, "truth": "different", "scenario": "null", "replicate": 5, "mode": "shared", "repeats": 3, "timeout": 180}}
{"completed": 69, "total": 120, "status": "complete", "job": {"kind": "pilot", "traits": 2, "truth": "different", "scenario": "null", "replicate": 4, "mode": "trait-specific", "repeats": 3, "timeout": 180}}
{"completed": 70, "total": 120, "status": "complete", "job": {"kind": "pilot", "traits": 2, "truth": "different", "scenario": "null", "replicate": 3, "mode": "trait-specific", "repeats": 3, "timeout": 180}}
{"completed": 71, "total": 120, "status": "complete", "job": {"kind": "pilot", "traits": 2, "truth": "different", "scenario": "null", "replicate": 6, "mode": "shared", "repeats": 3, "timeout": 180}}
{"completed": 72, "total": 120, "status": "complete", "job": {"kind": "pilot", "traits": 2, "truth": "different", "scenario": "null", "replicate": 7, "mode": "shared", "repeats": 3, "timeout": 180}}
{"completed": 73, "total": 120, "status": "complete", "job": {"kind": "pilot", "traits": 2, "truth": "different", "scenario": "null", "replicate": 6, "mode": "trait-specific", "repeats": 3, "timeout": 180}}
{"completed": 74, "total": 120, "status": "complete", "job": {"kind": "pilot", "traits": 2, "truth": "different", "scenario": "null", "replicate": 2, "mode": "trait-specific", "repeats": 3, "timeout": 180}}
{"completed": 75, "total": 120, "status": "complete", "job": {"kind": "pilot", "traits": 2, "truth": "different", "scenario": "null", "replicate": 8, "mode": "shared", "repeats": 3, "timeout": 180}}
{"completed": 76, "total": 120, "status": "complete", "job": {"kind": "pilot", "traits": 2, "truth": "different", "scenario": "null", "replicate": 9, "mode": "shared", "repeats": 3, "timeout": 180}}
{"completed": 77, "total": 120, "status": "complete", "job": {"kind": "pilot", "traits": 2, "truth": "different", "scenario": "null", "replicate": 8, "mode": "trait-specific", "repeats": 3, "timeout": 180}}
{"completed": 78, "total": 120, "status": "complete", "job": {"kind": "pilot", "traits": 2, "truth": "different", "scenario": "null", "replicate": 5, "mode": "trait-specific", "repeats": 3, "timeout": 180}}
{"completed": 79, "total": 120, "status": "complete", "job": {"kind": "pilot", "traits": 2, "truth": "different", "scenario": "aligned", "replicate": 0, "mode": "shared", "repeats": 3, "timeout": 180}}
{"completed": 80, "total": 120, "status": "complete", "job": {"kind": "pilot", "traits": 2, "truth": "different", "scenario": "aligned", "replicate": 1, "mode": "shared", "repeats": 3, "timeout": 180}}
{"completed": 81, "total": 120, "status": "complete", "job": {"kind": "pilot", "traits": 2, "truth": "different", "scenario": "null", "replicate": 9, "mode": "trait-specific", "repeats": 3, "timeout": 180}}
{"completed": 82, "total": 120, "status": "complete", "job": {"kind": "pilot", "traits": 2, "truth": "different", "scenario": "aligned", "replicate": 1, "mode": "trait-specific", "repeats": 3, "timeout": 180}}
{"completed": 83, "total": 120, "status": "complete", "job": {"kind": "pilot", "traits": 2, "truth": "different", "scenario": "aligned", "replicate": 2, "mode": "shared", "repeats": 3, "timeout": 180}}
{"completed": 84, "total": 120, "status": "complete", "job": {"kind": "pilot", "traits": 2, "truth": "different", "scenario": "aligned", "replicate": 3, "mode": "shared", "repeats": 3, "timeout": 180}}
{"completed": 85, "total": 120, "status": "complete", "job": {"kind": "pilot", "traits": 2, "truth": "different", "scenario": "null", "replicate": 7, "mode": "trait-specific", "repeats": 3, "timeout": 180}}
{"completed": 86, "total": 120, "status": "complete", "job": {"kind": "pilot", "traits": 2, "truth": "different", "scenario": "aligned", "replicate": 0, "mode": "trait-specific", "repeats": 3, "timeout": 180}}
{"completed": 87, "total": 120, "status": "complete", "job": {"kind": "pilot", "traits": 2, "truth": "different", "scenario": "aligned", "replicate": 4, "mode": "shared", "repeats": 3, "timeout": 180}}
{"completed": 88, "total": 120, "status": "complete", "job": {"kind": "pilot", "traits": 2, "truth": "different", "scenario": "aligned", "replicate": 5, "mode": "shared", "repeats": 3, "timeout": 180}}
{"completed": 89, "total": 120, "status": "complete", "job": {"kind": "pilot", "traits": 2, "truth": "different", "scenario": "aligned", "replicate": 3, "mode": "trait-specific", "repeats": 3, "timeout": 180}}
{"completed": 90, "total": 120, "status": "complete", "job": {"kind": "pilot", "traits": 2, "truth": "different", "scenario": "aligned", "replicate": 2, "mode": "trait-specific", "repeats": 3, "timeout": 180}}
{"completed": 91, "total": 120, "status": "complete", "job": {"kind": "pilot", "traits": 2, "truth": "different", "scenario": "aligned", "replicate": 6, "mode": "shared", "repeats": 3, "timeout": 180}}
{"completed": 92, "total": 120, "status": "complete", "job": {"kind": "pilot", "traits": 2, "truth": "different", "scenario": "aligned", "replicate": 7, "mode": "shared", "repeats": 3, "timeout": 180}}
{"completed": 93, "total": 120, "status": "complete", "job": {"kind": "pilot", "traits": 2, "truth": "different", "scenario": "aligned", "replicate": 5, "mode": "trait-specific", "repeats": 3, "timeout": 180}}
{"completed": 94, "total": 120, "status": "complete", "job": {"kind": "pilot", "traits": 2, "truth": "different", "scenario": "aligned", "replicate": 4, "mode": "trait-specific", "repeats": 3, "timeout": 180}}
{"completed": 95, "total": 120, "status": "complete", "job": {"kind": "pilot", "traits": 2, "truth": "different", "scenario": "aligned", "replicate": 8, "mode": "shared", "repeats": 3, "timeout": 180}}
{"completed": 96, "total": 120, "status": "complete", "job": {"kind": "pilot", "traits": 2, "truth": "different", "scenario": "aligned", "replicate": 9, "mode": "shared", "repeats": 3, "timeout": 180}}
{"completed": 97, "total": 120, "status": "complete", "job": {"kind": "pilot", "traits": 2, "truth": "different", "scenario": "aligned", "replicate": 8, "mode": "trait-specific", "repeats": 3, "timeout": 180}}
{"completed": 98, "total": 120, "status": "complete", "job": {"kind": "pilot", "traits": 2, "truth": "different", "scenario": "aligned", "replicate": 9, "mode": "trait-specific", "repeats": 3, "timeout": 180}}
{"completed": 99, "total": 120, "status": "complete", "job": {"kind": "pilot", "traits": 2, "truth": "different", "scenario": "opposed", "replicate": 0, "mode": "shared", "repeats": 3, "timeout": 180}}
{"completed": 100, "total": 120, "status": "complete", "job": {"kind": "pilot", "traits": 2, "truth": "different", "scenario": "opposed", "replicate": 1, "mode": "shared", "repeats": 3, "timeout": 180}}
{"completed": 101, "total": 120, "status": "complete", "job": {"kind": "pilot", "traits": 2, "truth": "different", "scenario": "aligned", "replicate": 7, "mode": "trait-specific", "repeats": 3, "timeout": 180}}
{"completed": 102, "total": 120, "status": "complete", "job": {"kind": "pilot", "traits": 2, "truth": "different", "scenario": "aligned", "replicate": 6, "mode": "trait-specific", "repeats": 3, "timeout": 180}}
{"completed": 103, "total": 120, "status": "complete", "job": {"kind": "pilot", "traits": 2, "truth": "different", "scenario": "opposed", "replicate": 2, "mode": "shared", "repeats": 3, "timeout": 180}}
{"completed": 104, "total": 120, "status": "complete", "job": {"kind": "pilot", "traits": 2, "truth": "different", "scenario": "opposed", "replicate": 3, "mode": "shared", "repeats": 3, "timeout": 180}}
{"completed": 105, "total": 120, "status": "complete", "job": {"kind": "pilot", "traits": 2, "truth": "different", "scenario": "opposed", "replicate": 0, "mode": "trait-specific", "repeats": 3, "timeout": 180}}
{"completed": 106, "total": 120, "status": "complete", "job": {"kind": "pilot", "traits": 2, "truth": "different", "scenario": "opposed", "replicate": 1, "mode": "trait-specific", "repeats": 3, "timeout": 180}}
{"completed": 107, "total": 120, "status": "complete", "job": {"kind": "pilot", "traits": 2, "truth": "different", "scenario": "opposed", "replicate": 3, "mode": "trait-specific", "repeats": 3, "timeout": 180}}
{"completed": 108, "total": 120, "status": "complete", "job": {"kind": "pilot", "traits": 2, "truth": "different", "scenario": "opposed", "replicate": 4, "mode": "shared", "repeats": 3, "timeout": 180}}
{"completed": 109, "total": 120, "status": "complete", "job": {"kind": "pilot", "traits": 2, "truth": "different", "scenario": "opposed", "replicate": 2, "mode": "trait-specific", "repeats": 3, "timeout": 180}}
{"completed": 110, "total": 120, "status": "complete", "job": {"kind": "pilot", "traits": 2, "truth": "different", "scenario": "opposed", "replicate": 5, "mode": "shared", "repeats": 3, "timeout": 180}}
{"completed": 111, "total": 120, "status": "complete", "job": {"kind": "pilot", "traits": 2, "truth": "different", "scenario": "opposed", "replicate": 6, "mode": "shared", "repeats": 3, "timeout": 180}}
{"completed": 112, "total": 120, "status": "complete", "job": {"kind": "pilot", "traits": 2, "truth": "different", "scenario": "opposed", "replicate": 7, "mode": "shared", "repeats": 3, "timeout": 180}}
{"completed": 113, "total": 120, "status": "complete", "job": {"kind": "pilot", "traits": 2, "truth": "different", "scenario": "opposed", "replicate": 4, "mode": "trait-specific", "repeats": 3, "timeout": 180}}
{"completed": 114, "total": 120, "status": "complete", "job": {"kind": "pilot", "traits": 2, "truth": "different", "scenario": "opposed", "replicate": 6, "mode": "trait-specific", "repeats": 3, "timeout": 180}}
{"completed": 115, "total": 120, "status": "complete", "job": {"kind": "pilot", "traits": 2, "truth": "different", "scenario": "opposed", "replicate": 8, "mode": "shared", "repeats": 3, "timeout": 180}}
{"completed": 116, "total": 120, "status": "complete", "job": {"kind": "pilot", "traits": 2, "truth": "different", "scenario": "opposed", "replicate": 9, "mode": "shared", "repeats": 3, "timeout": 180}}
{"completed": 117, "total": 120, "status": "complete", "job": {"kind": "pilot", "traits": 2, "truth": "different", "scenario": "opposed", "replicate": 5, "mode": "trait-specific", "repeats": 3, "timeout": 180}}
{"completed": 118, "total": 120, "status": "complete", "job": {"kind": "pilot", "traits": 2, "truth": "different", "scenario": "opposed", "replicate": 7, "mode": "trait-specific", "repeats": 3, "timeout": 180}}
{"completed": 119, "total": 120, "status": "complete", "job": {"kind": "pilot", "traits": 2, "truth": "different", "scenario": "opposed", "replicate": 8, "mode": "trait-specific", "repeats": 3, "timeout": 180}}
{"completed": 120, "total": 120, "status": "complete", "job": {"kind": "pilot", "traits": 2, "truth": "different", "scenario": "opposed", "replicate": 9, "mode": "trait-specific", "repeats": 3, "timeout": 180}}
