{"completed": 1, "total": 20, "job": {"truth": "different", "mode": "trait-specific", "replicate": 0, "traits": 2, "missing_rate": 0.2, "timeout": 1800, "part": "accuracy"}, "status": "failed"}
{"completed": 2, "total": 20, "job": {"truth": "different", "mode": "shared", "replicate": 0, "traits": 2, "missing_rate": 0.2, "timeout": 1800, "part": "accuracy"}, "status": "complete"}
{"completed": 3, "total": 20, "job": {"truth": "shared", "mode": "shared", "replicate": 0, "traits": 2, "missing_rate": 0.2, "timeout": 1800, "part": "accuracy"}, "status": "complete"}
{"completed": 4, "total": 20, "job": {"truth": "shared", "mode": "shared", "replicate": 2, "traits": 2, "missing_rate": 0.2, "timeout": 1800, "part": "accuracy"}, "status": "complete"}
{"completed": 5, "total": 20, "job": {"truth": "different", "mode": "shared", "replicate": 1, "traits": 2, "missing_rate": 0.2, "timeout": 1800, "part": "accuracy"}, "status": "complete"}
{"completed": 6, "total": 20, "job": {"truth": "shared", "mode": "shared", "replicate": 1, "traits": 2, "missing_rate": 0.2, "timeout": 1800, "part": "accuracy"}, "status": "complete"}
{"completed": 7, "total": 20, "job": {"truth": "shared", "mode": "trait-specific", "replicate": 0, "traits": 2, "missing_rate": 0.2, "timeout": 1800, "part": "accuracy"}, "status": "complete"}
{"completed": 8, "total": 20, "job": {"truth": "different", "mode": "trait-specific", "replicate": 1, "traits": 2, "missing_rate": 0.2, "timeout": 1800, "part": "accuracy"}, "status": "complete"}
{"completed": 9, "total": 20, "job": {"truth": "shared", "mode": "trait-specific", "replicate": 1, "traits": 2, "missing_rate": 0.2, "timeout": 1800, "part": "accuracy"}, "status": "timeout"}
{"completed": 10, "total": 20, "job": {"truth": "shared", "mode": "trait-specific", "replicate": 2, "traits": 2, "missing_rate": 0.2, "timeout": 1800, "part": "accuracy"}, "status": "complete"}
{"completed": 11, "total": 20, "job": {"truth": "different", "mode": "shared", "replicate": 2, "traits": 2, "missing_rate": 0.2, "timeout": 1800, "part": "accuracy"}, "status": "complete"}
{"completed": 12, "total": 20, "job": {"truth": "different", "mode": "trait-specific", "replicate": 2, "traits": 2, "missing_rate": 0.2, "timeout": 1800, "part": "accuracy"}, "status": "complete"}
{"completed": 13, "total": 20, "job": {"truth": "shared", "mode": "shared", "replicate": 3, "traits": 2, "missing_rate": 0.2, "timeout": 1800, "part": "accuracy"}, "status": "complete"}
{"completed": 14, "total": 20, "job": {"truth": "different", "mode": "shared", "replicate": 3, "traits": 2, "missing_rate": 0.2, "timeout": 1800, "part": "accuracy"}, "status": "complete"}
{"completed": 15, "total": 20, "job": {"truth": "shared", "mode": "shared", "replicate": 4, "traits": 2, "missing_rate": 0.2, "timeout": 1800, "part": "accuracy"}, "status": "complete"}
{"completed": 16, "total": 20, "job": {"truth": "shared", "mode": "trait-specific", "replicate": 3, "traits": 2, "missing_rate": 0.2, "timeout": 1800, "part": "accuracy"}, "status": "complete"}
{"completed": 17, "total": 20, "job": {"truth": "different", "mode": "shared", "replicate": 4, "traits": 2, "missing_rate": 0.2, "timeout": 1800, "part": "accuracy"}, "status": "complete"}
{"completed": 18, "total": 20, "job": {"truth": "different", "mode": "trait-specific", "replicate": 3, "traits": 2, "missing_rate": 0.2, "timeout": 1800, "part": "accuracy"}, "status": "complete"}
{"completed": 19, "total": 20, "job": {"truth": "different", "mode": "trait-specific", "replicate": 4, "traits": 2, "missing_rate": 0.2, "timeout": 1800, "part": "accuracy"}, "status": "complete"}
{"completed": 20, "total": 20, "job": {"truth": "shared", "mode": "trait-specific", "replicate": 4, "traits": 2, "missing_rate": 0.2, "timeout": 1800, "part": "accuracy"}, "status": "complete"}
