Collecting ruff
  Downloading ruff-0.16.7-py3-none-manylinux_2_17_aarch64.manylinux2014_aarch64.whl.metadata (20 kB)
Collecting mypy
  Downloading mypy-2.3.1-cp312-cp312-manylinux2014_aarch64.manylinux_2_17_aarch64.manylinux_2_28_aarch64.whl.metadata (2.4 kB)
Collecting bandit
  Downloading bandit-1.9.4-py3-none-any.whl.metadata (7.1 kB)
Collecting coverage
  Downloading coverage-7.16.0-cp312-cp312-manylinux2014_aarch64.manylinux_2_17_aarch64.manylinux_2_28_aarch64.whl.metadata (8.6 kB)
Collecting radon
  Downloading radon-6.0.1-py2.py3-none-any.whl.metadata (8.2 kB)
Collecting pip-audit
  Downloading pip_audit-2.10.1-py3-none-any.whl.metadata (28 kB)
Collecting build
  Downloading build-1.6.1-py3-none-any.whl.metadata (5.6 kB)
Collecting twine
  Downloading twine-7.0.0-py3-none-any.whl.metadata (3.5 kB)
Collecting check-wheel-contents
  Downloading check_wheel_contents-0.6.3-py3-none-any.whl.metadata (24 kB)
Requirement already satisfied: hypothesis in /opt/conda/lib/python3.12/site-packages (6.165.10)
Requirement already satisfied: typing_extensions>=4.6.0 in /opt/conda/lib/python3.12/site-packages (from mypy) (4.16.0)
Collecting mypy_extensions>=1.0.0 (from mypy)
  Downloading mypy_extensions-1.1.0-py3-none-any.whl.metadata (1.1 kB)
Collecting pathspec>=1.0.0 (from mypy)
  Downloading pathspec-1.1.1-py3-none-any.whl.metadata (14 kB)
Collecting librt>=0.13.0 (from mypy)
  Downloading librt-0.15.0-cp312-cp312-manylinux2014_aarch64.manylinux_2_17_aarch64.manylinux_2_28_aarch64.whl.metadata (1.3 kB)
Collecting ast-serialize<1.0.0,>=0.6.0 (from mypy)
  Downloading ast_serialize-0.11.1-cp39-abi3-manylinux_2_17_aarch64.manylinux2014_aarch64.whl.metadata (1.4 kB)
Requirement already satisfied: PyYAML>=5.3.1 in /opt/conda/lib/python3.12/site-packages (from bandit) (6.0.3)
Collecting stevedore>=1.20.0 (from bandit)
  Downloading stevedore-5.9.1-py3-none-any.whl.metadata (2.3 kB)
Requirement already satisfied: rich in /opt/conda/lib/python3.12/site-packages (from bandit) (15.0.0)
Collecting mando<0.8,>=0.6 (from radon)
  Downloading mando-0.7.1-py2.py3-none-any.whl.metadata (7.4 kB)
Requirement already satisfied: colorama>=0.4.1 in /opt/conda/lib/python3.12/site-packages (from radon) (0.4.6)
Collecting CacheControl>=0.13.0 (from CacheControl[filecache]>=0.13.0->pip-audit)
  Downloading cachecontrol-0.14.4-py3-none-any.whl.metadata (3.1 kB)
Collecting cyclonedx-python-lib<12,>=5 (from pip-audit)
  Downloading cyclonedx_python_lib-11.12.0-py3-none-any.whl.metadata (6.9 kB)
Requirement already satisfied: packaging>=23.0.0 in /opt/conda/lib/python3.12/site-packages (from pip-audit) (26.3)
Collecting pip-api>=0.0.28 (from pip-audit)
  Downloading pip_api-0.0.35-py3-none-any.whl.metadata (17 kB)
Collecting pip-requirements-parser>=32.0.0 (from pip-audit)
  Downloading pip_requirements_parser-32.0.1-py3-none-any.whl.metadata (9.3 kB)
Requirement already satisfied: requests>=2.31.0 in /opt/conda/lib/python3.12/site-packages (from pip-audit) (2.34.2)
Requirement already satisfied: tomli>=2.2.1 in /opt/conda/lib/python3.12/site-packages (from pip-audit) (2.4.1)
Collecting tomli-w>=1.2.0 (from pip-audit)
  Downloading tomli_w-1.2.0-py3-none-any.whl.metadata (5.7 kB)
Requirement already satisfied: platformdirs>=4.2.0 in /opt/conda/lib/python3.12/site-packages (from pip-audit) (4.11.8)
Collecting pyproject_hooks (from build)
  Downloading pyproject_hooks-1.2.0-py3-none-any.whl.metadata (1.3 kB)
Collecting readme-renderer>=35.0 (from twine)
  Downloading readme_renderer-46.0-py3-none-any.whl.metadata (3.0 kB)
Collecting requests-toolbelt!=0.9.0,>=0.8.0 (from twine)
  Downloading requests_toolbelt-1.0.0-py2.py3-none-any.whl.metadata (14 kB)
Requirement already satisfied: urllib3>=1.26.0 in /opt/conda/lib/python3.12/site-packages (from twine) (2.7.0)
Collecting keyring>=21.2.0 (from twine)
  Downloading keyring-25.7.0-py3-none-any.whl.metadata (21 kB)
Collecting rfc3986>=1.4.0 (from twine)
  Downloading rfc3986-2.0.0-py2.py3-none-any.whl.metadata (6.6 kB)
Collecting id (from twine)
  Downloading id-1.6.1-py3-none-any.whl.metadata (5.1 kB)
Collecting attrs>=18.1 (from check-wheel-contents)
  Downloading attrs-26.1.0-py3-none-any.whl.metadata (8.8 kB)
Requirement already satisfied: click!=8.2.2,~=8.2 in /opt/conda/lib/python3.12/site-packages (from check-wheel-contents) (8.5.0)
Collecting pydantic~=2.0 (from check-wheel-contents)
  Downloading pydantic-2.13.5-py3-none-any.whl.metadata (110 kB)
Collecting wheel-filename~=1.1 (from check-wheel-contents)
  Downloading wheel_filename-1.4.2-py3-none-any.whl.metadata (5.4 kB)
Requirement already satisfied: sortedcontainers<3.0.0,>=2.1.0 in /opt/conda/lib/python3.12/site-packages (from hypothesis) (2.4.0)
Collecting msgpack<2.0.0,>=0.5.2 (from CacheControl>=0.13.0->CacheControl[filecache]>=0.13.0->pip-audit)
  Downloading msgpack-1.2.2-cp312-cp312-manylinux2014_aarch64.manylinux_2_17_aarch64.manylinux_2_28_aarch64.whl.metadata (8.3 kB)
Requirement already satisfied: filelock>=3.8.0 in /opt/conda/lib/python3.12/site-packages (from CacheControl[filecache]>=0.13.0->pip-audit) (3.32.6)
Collecting license-expression<31,>=30 (from cyclonedx-python-lib<12,>=5->pip-audit)
  Downloading license_expression-30.4.4-py3-none-any.whl.metadata (11 kB)
Collecting packageurl-python<2,>=0.11 (from cyclonedx-python-lib<12,>=5->pip-audit)
  Downloading packageurl_python-0.17.6-py3-none-any.whl.metadata (5.1 kB)
Collecting py-serializable<3.0.0,>=2.1.0 (from cyclonedx-python-lib<12,>=5->pip-audit)
  Downloading py_serializable-2.1.0-py3-none-any.whl.metadata (4.3 kB)
Collecting SecretStorage>=3.2 (from keyring>=21.2.0->twine)
  Downloading secretstorage-3.5.0-py3-none-any.whl.metadata (4.0 kB)
Collecting jeepney>=0.4.2 (from keyring>=21.2.0->twine)
  Downloading jeepney-0.9.0-py3-none-any.whl.metadata (1.2 kB)
Collecting jaraco.classes (from keyring>=21.2.0->twine)
  Downloading jaraco.classes-3.4.0-py3-none-any.whl.metadata (2.6 kB)
Requirement already satisfied: jaraco.functools in /opt/conda/lib/python3.12/site-packages (from keyring>=21.2.0->twine) (4.6.0)
Collecting jaraco.context (from keyring>=21.2.0->twine)
  Downloading jaraco_context-6.1.2-py3-none-any.whl.metadata (4.2 kB)
Requirement already satisfied: six in /opt/conda/lib/python3.12/site-packages (from mando<0.8,>=0.6->radon) (1.17.0)
Requirement already satisfied: pip in /tmp/nwkit-qa/lib/python3.12/site-packages (from pip-api>=0.0.28->pip-audit) (25.0.1)
Requirement already satisfied: pyparsing in /opt/conda/lib/python3.12/site-packages (from pip-requirements-parser>=32.0.0->pip-audit) (3.3.2)
Collecting annotated-types>=0.6.0 (from pydantic~=2.0->check-wheel-contents)
  Downloading annotated_types-0.8.0-py3-none-any.whl.metadata (15 kB)
Collecting pydantic-core==2.46.5 (from pydantic~=2.0->check-wheel-contents)
  Downloading pydantic_core-2.46.5-cp312-cp312-manylinux_2_17_aarch64.manylinux2014_aarch64.whl.metadata (6.6 kB)
Collecting typing-inspection>=0.4.2 (from pydantic~=2.0->check-wheel-contents)
  Downloading typing_inspection-0.4.4-py3-none-any.whl.metadata (2.6 kB)
Collecting nh3>=0.2.14 (from readme-renderer>=35.0->twine)
  Downloading nh3-0.3.7-cp38-abi3-manylinux_2_17_aarch64.manylinux2014_aarch64.whl.metadata (2.0 kB)
Collecting docutils>=0.21.2 (from readme-renderer>=35.0->twine)
  Downloading docutils-0.23-py3-none-any.whl.metadata (15 kB)
Requirement already satisfied: Pygments>=2.5.1 in /opt/conda/lib/python3.12/site-packages (from readme-renderer>=35.0->twine) (2.21.0)
Requirement already satisfied: charset_normalizer<4,>=2 in /opt/conda/lib/python3.12/site-packages (from requests>=2.31.0->pip-audit) (3.5.1)
Requirement already satisfied: idna<4,>=2.5 in /opt/conda/lib/python3.12/site-packages (from requests>=2.31.0->pip-audit) (3.19)
Requirement already satisfied: certifi>=2023.5.7 in /opt/conda/lib/python3.12/site-packages (from requests>=2.31.0->pip-audit) (2026.7.22)
Requirement already satisfied: markdown-it-py>=2.2.0 in /opt/conda/lib/python3.12/site-packages (from rich->bandit) (4.2.0)
Collecting boolean.py>=4.0 (from license-expression<31,>=30->cyclonedx-python-lib<12,>=5->pip-audit)
  Downloading boolean_py-5.0-py3-none-any.whl.metadata (2.3 kB)
Requirement already satisfied: mdurl~=0.1 in /opt/conda/lib/python3.12/site-packages (from markdown-it-py>=2.2.0->rich->bandit) (0.1.2)
Requirement already satisfied: defusedxml<0.8.0,>=0.7.1 in /opt/conda/lib/python3.12/site-packages (from py-serializable<3.0.0,>=2.1.0->cyclonedx-python-lib<12,>=5->pip-audit) (0.7.1)
Collecting cryptography>=2.0 (from SecretStorage>=3.2->keyring>=21.2.0->twine)
  Downloading cryptography-50.0.1-cp311-abi3-manylinux_2_34_aarch64.whl.metadata (4.3 kB)
Requirement already satisfied: more-itertools in /opt/conda/lib/python3.12/site-packages (from jaraco.classes->keyring>=21.2.0->twine) (11.1.0)
Requirement already satisfied: cffi>=2.0.0 in /opt/conda/lib/python3.12/site-packages (from cryptography>=2.0->SecretStorage>=3.2->keyring>=21.2.0->twine) (2.1.1)
Requirement already satisfied: pycparser in /opt/conda/lib/python3.12/site-packages (from cffi>=2.0.0->cryptography>=2.0->SecretStorage>=3.2->keyring>=21.2.0->twine) (3.0)
Downloading ruff-0.16.7-py3-none-manylinux_2_17_aarch64.manylinux2014_aarch64.whl (10.0 MB)
   ━━━━━━━━━━━━━━━━━━━━━━━━━━━━━━━━━━━━━━━━ 10.0/10.0 MB 18.2 MB/s eta 0:00:00
Downloading mypy-2.3.1-cp312-cp312-manylinux2014_aarch64.manylinux_2_17_aarch64.manylinux_2_28_aarch64.whl (14.2 MB)
   ━━━━━━━━━━━━━━━━━━━━━━━━━━━━━━━━━━━━━━━━ 14.2/14.2 MB 14.4 MB/s eta 0:00:00
Downloading bandit-1.9.4-py3-none-any.whl (134 kB)
Downloading coverage-7.16.0-cp312-cp312-manylinux2014_aarch64.manylinux_2_17_aarch64.manylinux_2_28_aarch64.whl (258 kB)
Downloading radon-6.0.1-py2.py3-none-any.whl (52 kB)
Downloading pip_audit-2.10.1-py3-none-any.whl (62 kB)
Downloading build-1.6.1-py3-none-any.whl (31 kB)
Downloading twine-7.0.0-py3-none-any.whl (43 kB)
Downloading check_wheel_contents-0.6.3-py3-none-any.whl (27 kB)
Downloading ast_serialize-0.11.1-cp39-abi3-manylinux_2_17_aarch64.manylinux2014_aarch64.whl (1.3 MB)
   ━━━━━━━━━━━━━━━━━━━━━━━━━━━━━━━━━━━━━━━━ 1.3/1.3 MB 15.3 MB/s eta 0:00:00
Downloading attrs-26.1.0-py3-none-any.whl (67 kB)
Downloading cachecontrol-0.14.4-py3-none-any.whl (22 kB)
Downloading cyclonedx_python_lib-11.12.0-py3-none-any.whl (529 kB)
   ━━━━━━━━━━━━━━━━━━━━━━━━━━━━━━━━━━━━━━━━ 529.5/529.5 kB 13.6 MB/s eta 0:00:00
Downloading keyring-25.7.0-py3-none-any.whl (39 kB)
Downloading librt-0.15.0-cp312-cp312-manylinux2014_aarch64.manylinux_2_17_aarch64.manylinux_2_28_aarch64.whl (503 kB)
Downloading mando-0.7.1-py2.py3-none-any.whl (28 kB)
Downloading mypy_extensions-1.1.0-py3-none-any.whl (5.0 kB)
Downloading pathspec-1.1.1-py3-none-any.whl (57 kB)
Downloading pip_api-0.0.35-py3-none-any.whl (123 kB)
Downloading pip_requirements_parser-32.0.1-py3-none-any.whl (35 kB)
Downloading pydantic-2.13.5-py3-none-any.whl (472 kB)
Downloading pydantic_core-2.46.5-cp312-cp312-manylinux_2_17_aarch64.manylinux2014_aarch64.whl (2.0 MB)
   ━━━━━━━━━━━━━━━━━━━━━━━━━━━━━━━━━━━━━━━━ 2.0/2.0 MB 21.6 MB/s eta 0:00:00
Downloading readme_renderer-46.0-py3-none-any.whl (14 kB)
Downloading requests_toolbelt-1.0.0-py2.py3-none-any.whl (54 kB)
Downloading rfc3986-2.0.0-py2.py3-none-any.whl (31 kB)
Downloading stevedore-5.9.1-py3-none-any.whl (54 kB)
Downloading tomli_w-1.2.0-py3-none-any.whl (6.7 kB)
Downloading wheel_filename-1.4.2-py3-none-any.whl (6.2 kB)
Downloading id-1.6.1-py3-none-any.whl (14 kB)
Downloading pyproject_hooks-1.2.0-py3-none-any.whl (10 kB)
Downloading annotated_types-0.8.0-py3-none-any.whl (13 kB)
Downloading docutils-0.23-py3-none-any.whl (634 kB)
   ━━━━━━━━━━━━━━━━━━━━━━━━━━━━━━━━━━━━━━━━ 634.7/634.7 kB 19.2 MB/s eta 0:00:00
Downloading jeepney-0.9.0-py3-none-any.whl (49 kB)
Downloading license_expression-30.4.4-py3-none-any.whl (120 kB)
Downloading msgpack-1.2.2-cp312-cp312-manylinux2014_aarch64.manylinux_2_17_aarch64.manylinux_2_28_aarch64.whl (409 kB)
Downloading nh3-0.3.7-cp38-abi3-manylinux_2_17_aarch64.manylinux2014_aarch64.whl (859 kB)
   ━━━━━━━━━━━━━━━━━━━━━━━━━━━━━━━━━━━━━━━━ 859.6/859.6 kB 12.4 MB/s eta 0:00:00
Downloading packageurl_python-0.17.6-py3-none-any.whl (36 kB)
Downloading py_serializable-2.1.0-py3-none-any.whl (23 kB)
Downloading secretstorage-3.5.0-py3-none-any.whl (15 kB)
Downloading typing_inspection-0.4.4-py3-none-any.whl (14 kB)
Downloading jaraco.classes-3.4.0-py3-none-any.whl (6.8 kB)
Downloading jaraco_context-6.1.2-py3-none-any.whl (7.9 kB)
Downloading boolean_py-5.0-py3-none-any.whl (26 kB)
Downloading cryptography-50.0.1-cp311-abi3-manylinux_2_34_aarch64.whl (4.7 MB)
   ━━━━━━━━━━━━━━━━━━━━━━━━━━━━━━━━━━━━━━━━ 4.7/4.7 MB 15.6 MB/s eta 0:00:00
Installing collected packages: boolean.py, wheel-filename, typing-inspection, tomli-w, stevedore, ruff, rfc3986, pyproject_hooks, pydantic-core, py-serializable, pip-requirements-parser, pip-api, pathspec, packageurl-python, nh3, mypy_extensions, msgpack, mando, license-expression, librt, jeepney, jaraco.context, jaraco.classes, id, docutils, coverage, attrs, ast-serialize, annotated-types, requests-toolbelt, readme-renderer, radon, pydantic, mypy, cyclonedx-python-lib, cryptography, CacheControl, build, SecretStorage, check-wheel-contents, bandit, pip-audit, keyring, twine
Successfully installed CacheControl-0.14.4 SecretStorage-3.5.0 annotated-types-0.8.0 ast-serialize-0.11.1 attrs-26.1.0 bandit-1.9.4 boolean.py-5.0 build-1.6.1 check-wheel-contents-0.6.3 coverage-7.16.0 cryptography-50.0.1 cyclonedx-python-lib-11.12.0 docutils-0.23 id-1.6.1 jaraco.classes-3.4.0 jaraco.context-6.1.2 jeepney-0.9.0 keyring-25.7.0 librt-0.15.0 license-expression-30.4.4 mando-0.7.1 msgpack-1.2.2 mypy-2.3.1 mypy_extensions-1.1.0 nh3-0.3.7 packageurl-python-0.17.6 pathspec-1.1.1 pip-api-0.0.35 pip-audit-2.10.1 pip-requirements-parser-32.0.1 py-serializable-2.1.0 pydantic-2.13.5 pydantic-core-2.46.5 pyproject_hooks-1.2.0 radon-6.0.1 readme-renderer-46.0 requests-toolbelt-1.0.0 rfc3986-2.0.0 ruff-0.16.7 stevedore-5.9.1 tomli-w-1.2.0 twine-7.0.0 typing-inspection-0.4.4 wheel-filename-1.4.2

[notice] A new release of pip is available: 25.0.1 -> 26.2.1
[notice] To update, run: python -m pip install --upgrade pip
+ /tmp/nwkit-qa/bin/python -m ruff check nwkit tests setup.py tools
All checks passed!
+ /tmp/nwkit-qa/bin/python -m ruff format --check nwkit tests setup.py tools
507 files already formatted
+ /tmp/nwkit-qa/bin/python -m mypy --no-incremental
Success: no issues found in 227 source files
+ /tmp/nwkit-qa/bin/python -m pip check
No broken requirements found.
+ /tmp/nwkit-qa/bin/python -m bandit -r nwkit -ll -ii -q
+ /tmp/nwkit-qa/bin/python -m pip_audit .
No known vulnerabilities found
+ /tmp/nwkit-qa/bin/python -m coverage erase
+ /tmp/nwkit-qa/bin/python -m coverage run -m pytest tests/ -q
........................................................................ [  1%]
.........................................s.............................. [  3%]
........................................................................ [  5%]
........................................................................ [  6%]
........................................................................ [  8%]
........................................................................ [ 10%]
........................................................................ [ 11%]
........................................................................ [ 13%]
........................................................................ [ 15%]
........................................................................ [ 17%]
........................................................................ [ 18%]
........................................................................ [ 20%]
........................................................................ [ 22%]
........................................................................ [ 23%]
........................................................................ [ 25%]
........................................................................ [ 27%]
........................................................................ [ 29%]
.s...................................................................... [ 30%]
........s............................................................... [ 32%]
........................................................................ [ 34%]
........................................................................ [ 35%]
........................................................................ [ 37%]
........................................................................ [ 39%]
.......................................ss............................... [ 41%]
.............................................F.......................... [ 42%]
........................................................................ [ 44%]
........................................................................ [ 46%]
........................................................................ [ 47%]
........................................................................ [ 49%]
........................................................................ [ 51%]
........................................................................ [ 53%]
........................................................................ [ 54%]
........................................................................ [ 56%]
........................................................................ [ 58%]
........................................................................ [ 59%]
........................................................................ [ 61%]
........................................................................ [ 63%]
........................................................................ [ 65%]
..........F............................................................. [ 66%]
........................................................................ [ 68%]
........................................................................ [ 70%]
........................................................................ [ 71%]
........................................................................ [ 73%]
........................................................................ [ 75%]
..................................................................ssss.. [ 77%]
................................sss........sssss...........ss...ssss.... [ 78%]
........................................................................ [ 80%]
......ssss..sssss.........ssss.......................................... [ 82%]
........................................................................ [ 83%]
........................................................................ [ 85%]
........................................................................ [ 87%]
..........F......s....ssssssssssssssssssss.............................. [ 89%]
........................................................................ [ 90%]
........................................................................ [ 92%]
........................................................................ [ 94%]
........................................................................ [ 95%]
........................................................................ [ 97%]
........................................................................ [ 99%]
..............................                                           [100%]
=================================== FAILURES ===================================
______ test_every_visible_long_option_has_a_canonical_kebab_case_spelling ______

>   ???
E   AssertionError: ('root', 'candidates_out', ['--candidates-out'])
E   assert '--candidates_out' in ['--candidates-out']
E    +  where '--candidates_out' = <built-in method format of str object at 0xffff712daca0>('candidates_out')
E    +    where <built-in method format of str object at 0xffff712daca0> = '--{}'.format
E    +    and   'candidates_out' = _StoreAction(option_strings=['--candidates-out'], dest='candidates_out', nargs=None, const=None, default=None, type=No...nciliation root as a Newick tree collection in deterministic order. Requires --method reconciliation.', metavar='PATH').dest

/nwkit/tests/test_interface_conventions.py:51: AssertionError
___________ test_pgls_raw_bootstrap_refits_automatic_gene_parameter ____________

tmp_path = PosixPath('/tmp/pytest-of-root/pytest-0/test_pgls_raw_bootstrap_refits0')

>   ???

/src/tests/test_regress.py:3145: 
_ _ _ _ _ _ _ _ _ _ _ _ _ _ _ _ _ _ _ _ _ _ _ _ _ _ _ _ _ _ _ _ _ _ _ _ _ _ _ _ 
nwkit/cli.py:6581: in main
    return invoke_handler(args)
           ^^^^^^^^^^^^^^^^^^^^
nwkit/cli.py:6575: in invoke_handler
    return parsed_args.handler(parsed_args)
           ^^^^^^^^^^^^^^^^^^^^^^^^^^^^^^^^
nwkit/cli.py:3760: in command_regress
    regress_main(args)
nwkit/regress.py:4842: in regress_main
    else build_regression_pipeline(args, responses, predictors)
         ^^^^^^^^^^^^^^^^^^^^^^^^^^^^^^^^^^^^^^^^^^^^^^^^^^^^^^
nwkit/regression_pipeline.py:3422: in build_regression_pipeline
    results = _apply_shape_refitted_bootstrap(
nwkit/regression_pipeline.py:1892: in _apply_shape_refitted_bootstrap
    updated.loc[row_index, "monte_carlo_se"] = math.sqrt(
    ^^^^^^^^^^^^^^^^^^^^^^^^^^^^^^^^^^^^^^^^
/opt/conda/lib/python3.12/site-packages/pandas/core/indexing.py:938: in __setitem__
    iloc._setitem_with_indexer(indexer, value, self.name)
/opt/conda/lib/python3.12/site-packages/pandas/core/indexing.py:1953: in _setitem_with_indexer
    self._setitem_with_indexer_split_path(indexer, value, name)
/opt/conda/lib/python3.12/site-packages/pandas/core/indexing.py:2044: in _setitem_with_indexer_split_path
    self._setitem_single_column(loc, value, pi)
/opt/conda/lib/python3.12/site-packages/pandas/core/indexing.py:2181: in _setitem_single_column
    self.obj._mgr.column_setitem(loc, plane_indexer, value)
/opt/conda/lib/python3.12/site-packages/pandas/core/internals/managers.py:1541: in column_setitem
    new_mgr = col_mgr.setitem((idx,), value)
              ^^^^^^^^^^^^^^^^^^^^^^^^^^^^^^
/opt/conda/lib/python3.12/site-packages/pandas/core/internals/managers.py:620: in setitem
    return self.apply("setitem", indexer=indexer, value=value)
           ^^^^^^^^^^^^^^^^^^^^^^^^^^^^^^^^^^^^^^^^^^^^^^^^^^^
/opt/conda/lib/python3.12/site-packages/pandas/core/internals/managers.py:445: in apply
    applied = getattr(b, f)(**kwargs)
              ^^^^^^^^^^^^^^^^^^^^^^^
/opt/conda/lib/python3.12/site-packages/pandas/core/internals/blocks.py:1669: in setitem
    values[indexer] = value
    ^^^^^^^^^^^^^^^
/opt/conda/lib/python3.12/site-packages/pandas/core/arrays/string_.py:864: in __setitem__
    value = self._maybe_convert_setitem_value(value)
            ^^^^^^^^^^^^^^^^^^^^^^^^^^^^^^^^^^^^^^^^
_ _ _ _ _ _ _ _ _ _ _ _ _ _ _ _ _ _ _ _ _ _ _ _ _ _ _ _ _ _ _ _ _ _ _ _ _ _ _ _ 

self = <StringArray>
['']
Length: 1, dtype: str, value = 0.2721655269759087

    def _maybe_convert_setitem_value(self, value):
        """Maybe convert value to be StringArray compatible."""
        if lib.is_scalar(value):
            if isna(value):
                value = self.dtype.na_value
            elif not isinstance(value, str):
>               raise TypeError(
                    f"Invalid value '{value}' for dtype '{self.dtype}'. Value should "
                    f"be a string or missing value, got '{type(value).__name__}' "
                    "instead."
                )
E               TypeError: Invalid value '0.2721655269759087' for dtype 'str'. Value should be a string or missing value, got 'float' instead.

/opt/conda/lib/python3.12/site-packages/pandas/core/arrays/string_.py:838: TypeError
----------------------------- Captured stderr call -----------------------------
Number of leaves in input tree = 5, Input tree format = 0
Number of leaves in input tree = 5, Input tree format = 0
_______ test_archived_engine_requires_explicit_scope_and_intact_snapshot _______

tmp_path = PosixPath('/tmp/pytest-of-root/pytest-0/test_archived_engine_requires_0')

>   ???

/src/tests/test_shift_null_contract_audit.py:95: 
_ _ _ _ _ _ _ _ _ _ _ _ _ _ _ _ _ _ _ _ _ _ _ _ _ _ _ _ _ _ _ _ _ _ _ _ _ _ _ _ 

directory = PosixPath('/tmp/pytest-of-root/pytest-0/test_archived_engine_requires_0/archived')
replay_stride = 1, frozen_engine = True

    def audit(directory, replay_stride=0, *, frozen_engine=False):
        specification = json.loads((directory / "protocol.json").read_text())
        if (
            frozen_engine
            and "nwkit/shift_calibration.py" not in specification["source_sha256"]
        ):
            raise ValueError("Archived engine lacks a declared source hash")
        for name, sha in specification["source_sha256"].items():
            archived = directory / "source-snapshot" / Path(name).name
            if hashlib.sha256(archived.read_bytes()).hexdigest() != sha:
                raise ValueError(f"Snapshot hash mismatch: {name}")
            if hashlib.sha256(Path(name).read_bytes()).hexdigest() != sha:
                if not frozen_engine or name != "nwkit/shift_calibration.py":
                    raise ValueError(f"Active generator/fitting hash mismatch: {name}")
        engine_class = CalibratedSearch
        if frozen_engine:
            frozen = directory / "source-snapshot" / "shift_calibration.py"
            module = ModuleType("nwkit._archived_shift_calibration")
            module.__file__ = str(frozen)
            # Compile the verified source directly: import loaders would create a
            # __pycache__ inside the input evidence, violating read-only auditing.
            exec(compile(frozen.read_bytes(), str(frozen), "exec"), module.__dict__)
            if not np.array_equal(module.ALPHA_HEIGHT_GRID, ALPHA_HEIGHT_GRID):
                raise ValueError("Archived alpha grid differs from the audit grid")
            engine_class = module.CalibratedSearch
        designs = {c["cell_id"]: c for c in cells(specification["suite"])}
        if any(c != designs[c["cell_id"]] for c in specification["cells"]):
            raise ValueError("Protocol cells disagree with the frozen design")
        expected = [
            (c["cell_id"], r)
            for c in specification["cells"]
            for r in range(specification["replicates"])
        ]
        with gzip.open(directory / "records.jsonl.gz", "rt") as stream:
            rows = [json.loads(line) for line in stream]
        if [(r["cell_id"], r["replicate"]) for r in rows] != expected:
            raise ValueError("Missing, duplicated or reordered datasets")
        geometries, models, replay_engines = {}, {}, {}
        maximum_error = 0.0
        replays = 0
        for index, row in enumerate(rows):
            cell = designs[row["cell_id"]]
            key = cell["tree"], cell["known_error"], cell["alpha_height"]
            if key not in geometries:
                tree = read_tree(cell["tree"], "auto", True, quiet=True)
                variances = (
                    np.geomspace(0.01, 0.25, cell["tips"])
                    if cell["known_error"]
                    else np.zeros(cell["tips"])
                )
                null = {"groups": [[0]], "shift_branch_ids": []}
                reference = DenseOUReference(tree, null, variances)
                a = np.inf if cell["alpha_height"] is None else cell["alpha_height"]
                _, K = reference.branch_moments(a)
                covariance = cell["process_tip_variance"] * K + np.diag(variances)
                geometries[key] = tree, variances, covariance
            tree, variances, covariance = geometries[key]
            seed = np.random.SeedSequence(
                [specification["seed"], cell["cell_id"], row["replicate"]]
            )
            data_seed, bootstrap_seed = seed.spawn(2)
            boot = int(bootstrap_seed.generate_state(1)[0] % (2**31))
            y = np.linalg.cholesky(covariance) @ np.random.default_rng(data_seed).normal(
                size=cell["tips"]
            )
            if (
                row["bootstrap_seed"] != boot
                or not np.array_equal(y, row["observations"])
                or not np.array_equal(covariance, row["generating_covariance"])
                or not np.array_equal(variances, row["known_variances"])
            ):
                raise ValueError("Generated observations/covariance/seeds disagree")
            if [lane["convergence"] for lane in row["lanes"]] != specification[
                "convergence_lanes"
            ]:
                raise ValueError("Missing or reordered search lanes")
            for lane in row["lanes"]:
                if lane["status"] == "failed":
                    if not lane.get("error"):
                        raise ValueError("Failure lacks an explanation")
                    continue
                if lane["status"] != "completed":
                    raise ValueError("Unknown fit status")
                model_key = cell["tree"], lane["convergence"]
                if model_key not in models:
                    models[model_key], _ = enumerate_candidates(
                        tree, convergence=lane["convergence"]
                    )
                fit = lane["fit"]
                B = specification["bootstrap_replicates"]
                if (
                    fit["seed"] != boot
                    or fit["calibration_replicates"] != B
                    or fit["calibration_level"] != 0.05
                ):
                    raise ValueError("Fit settings disagree with protocol")
                if lane["any_shift"] != check_stages(fit, bool(np.any(variances)), B, 0.05):
                    raise ValueError("Saved any-shift flag disagrees with the model")
                maximum_error = max(
                    maximum_error, check_winner(tree, y, variances, fit, models[model_key])
                )
                if replay_stride and index % replay_stride == 0:
                    engine_key = model_key, cell["known_error"]
                    if engine_key not in replay_engines:
                        replay_engines[engine_key] = engine_class(
                            tree, convergence=lane["convergence"], variances=variances
                        )
                    replay = replay_engines[engine_key].fit(y, seed=boot, replicates=B)
                    if replay["model"] != fit["model"] or replay["tests"] != fit["tests"]:
>                       raise ValueError("Seeded complete-search replay disagrees")
E                       ValueError: Seeded complete-search replay disagrees

tools/verify_shift_null_contract.py:190: ValueError
=============================== warnings summary ===============================
tests/test_shift_calibration_audit.py::test_audit_cli_leaves_source_evidence_unchanged
tests/test_shift_calibration_audit.py::test_audit_cli_leaves_source_evidence_unchanged
tests/test_shift_calibration_audit.py::test_audit_cli_leaves_source_evidence_unchanged
tests/test_shift_calibration_audit.py::test_audit_cli_leaves_source_evidence_unchanged
tests/test_shift_calibration_audit.py::test_audit_cli_leaves_source_evidence_unchanged
tests/test_shift_calibration_audit.py::test_audit_cli_leaves_source_evidence_unchanged
tests/test_shift_calibration_audit.py::test_audit_cli_leaves_source_evidence_unchanged
tests/test_shift_calibration_audit.py::test_audit_cli_leaves_source_evidence_unchanged
  /opt/conda/lib/python3.12/multiprocessing/popen_fork.py:66: DeprecationWarning: This process (pid=102) is multi-threaded, use of fork() may lead to deadlocks in the child.
    self.pid = os.fork()

-- Docs: https://docs.pytest.org/en/stable/how-to/capture-warnings.html
=========================== short test summary info ============================
FAILED tests/test_interface_conventions.py::test_every_visible_long_option_has_a_canonical_kebab_case_spelling
FAILED tests/test_regress.py::test_pgls_raw_bootstrap_refits_automatic_gene_parameter
FAILED tests/test_shift_null_contract_audit.py::test_archived_engine_requires_explicit_scope_and_intact_snapshot
3 failed, 4146 passed, 57 skipped, 8 warnings in 709.32s (0:11:49)
Traceback (most recent call last):
  File "/work/tools/check.py", line 150, in <module>
    raise SystemExit(main())
                     ^^^^^^
  File "/work/tools/check.py", line 140, in main
    run_full_checks()
  File "/work/tools/check.py", line 63, in run_full_checks
    run(PYTHON, "-m", "coverage", "run", "-m", "pytest", "tests/", "-q")
  File "/work/tools/check.py", line 20, in run
    subprocess.run(command, cwd=PROJECT_ROOT, check=True, env=env)
  File "/opt/conda/lib/python3.12/subprocess.py", line 571, in run
    raise CalledProcessError(retcode, process.args,
subprocess.CalledProcessError: Command '('/tmp/nwkit-qa/bin/python', '-m', 'coverage', 'run', '-m', 'pytest', 'tests/', '-q')' returned non-zero exit status 1.
