OPT True -68.15155313784376 [0.20448385 0.17757332 1.73562087 0.01159021 0.00513369] [ 1.98962117e-07 -3.49350538e-06  3.43315015e-08  1.57526311e-05
  3.27703400e-06]
GRAD 0.001 [-3.44844178e-03 -1.07316434e-02 -1.13334409e-06 -2.16156783e+00
 -1.08667991e+01]
GRAD 0.0001 [-3.42872397e-05 -1.10772831e-04  2.27373675e-08 -2.15399338e-02
 -1.07799163e-01]
GRAD 1e-05 [-1.42819090e-07 -4.56950033e-06  3.05533376e-08 -1.99796801e-04
 -1.07466036e-03]
GRAD 1e-06 [ 1.84741111e-07 -3.50297569e-06  4.97379915e-08  1.35855771e-05
 -7.50333129e-06]
OPT True -68.15155313784376 [0.20448385 0.17757332 1.73562087 0.01159021 0.00513369] [-1.36652498e-06 -3.73351640e-06  8.58419024e-08  1.03238010e-06
 -8.81788568e-06]
GRAD 0.001 [-3.45000728e-03 -1.07318835e-02 -1.08184395e-06 -2.16158265e+00
 -1.08668114e+01]
GRAD 0.0001 [-3.58530627e-05 -1.11012994e-04  7.41096073e-08 -2.15546552e-02
 -1.07811260e-01]
GRAD 1e-05 [-1.71311854e-06 -4.80468998e-06  8.73967565e-08 -2.14519247e-04
 -1.08675664e-03]
GRAD 1e-06 [-1.37134748e-06 -3.73034936e-06  7.10542736e-08 -1.13686838e-06
 -1.95896632e-05]
OPT True -68.15155313783322 [0.20448373 0.17757327 1.73562225 0.01159023 0.00513368] [-2.87253673e-05 -1.87917176e-04  3.76021687e-06 -1.30319080e-04
 -1.36985545e-03]
GRAD 0.001 [-3.47736396e-03 -1.09160836e-02  2.59253596e-06 -2.16171291e+00
 -1.08681936e+01]
GRAD 0.0001 [-6.32116581e-05 -2.95196756e-04  3.74853926e-06 -2.16859956e-02
 -1.09172508e-01]
GRAD 1e-05 [-2.90704349e-05 -1.88989446e-04  3.75734999e-06 -3.45873730e-04
 -2.44779130e-03]
GRAD 1e-06 [-2.86988211e-05 -1.87952764e-04  3.73745479e-06 -1.32438061e-04
 -1.38062717e-03]
OPT True -68.15155313783795 [0.20448373 0.17757327 1.73562225 0.01159023 0.00513369] [-4.11008829e-05 -7.32858218e-05  1.55337330e-06  4.52003554e-05
  6.61946101e-06]
GRAD 0.001 [-3.48973929e-03 -1.08014415e-02  3.85675492e-07 -2.16153616e+00
 -1.08667904e+01]
GRAD 0.0001 [-7.55873941e-05 -1.80565038e-04  1.54159352e-06 -2.15104640e-02
 -1.07795768e-01]
GRAD 1e-05 [-4.14452472e-05 -7.43611395e-05  1.55466751e-06 -1.70351910e-04
 -1.07131797e-03]
GRAD 1e-06 [-4.10906864e-05 -7.32782723e-05  1.54187774e-06  4.31015224e-05
 -4.15667500e-06]
OPT True -68.15155313784373 [0.20448385 0.17757332 1.73562082 0.01159021 0.00513369] [3.75465086e-07 1.04006580e-08 6.64796857e-09 3.71447372e-06
 2.89334369e-06]
GRAD 0.001 [-3.44826536e-03 -1.07281392e-02 -1.16099130e-06 -2.16158003e+00
 -1.08667996e+01]
GRAD 0.0001 [-3.41108830e-05 -1.07268932e-04 -4.90274488e-09 -2.15519732e-02
 -1.07799549e-01]
GRAD 1e-05 [ 2.77111667e-08 -1.06368248e-06  7.81597009e-09 -2.11836237e-04
 -1.07504405e-03]
GRAD 1e-06 [ 3.55271368e-07 -1.42108547e-08  2.13162821e-08  1.57740487e-06
 -7.88702437e-06]
OPT True -68.15155313784375 [0.20448385 0.17757332 1.73562082 0.01159021 0.00513369] [ 2.01297059e-07 -2.88729524e-07  1.83851980e-08  1.40827328e-06
 -1.83167199e-06]
GRAD 0.001 [-3.44843955e-03 -1.07284384e-02 -1.14929577e-06 -2.16158235e+00
 -1.08668045e+01]
GRAD 0.0001 [-3.42850370e-05 -1.07568283e-04  6.75015599e-09 -2.15542797e-02
 -1.07804275e-01]
GRAD 1e-05 [-1.44240175e-07 -1.36139988e-06  1.63424829e-08 -2.14141949e-04
 -1.07977414e-03]
GRAD 1e-06 [ 1.91846539e-07 -2.55795385e-07  7.10542736e-08 -8.02913291e-07
 -1.26476607e-05]
Traceback (most recent call last):
  File "/work/reviews/joint-engine-optimization-2026-09-11/diagnose-boundary.py", line 23, in <module>
    print(f._general_fit(data,layout,NativeFitOptions(trait_covariance='full',alpha_model='shared',estimate_measurement_error=True),np.zeros(2),None,np.zeros(2),f.JointFitContext(data,'OUfixedRoot')))
          ^^^^^^^^^^^^^^^^^^^^^^^^^^^^^^^^^^^^^^^^^^^^^^^^^^^^^^^^^^^^^^^^^^^^^^^^^^^^^^^^^^^^^^^^^^^^^^^^^^^^^^^^^^^^^^^^^^^^^^^^^^^^^^^^^^^^^^^^^^^^^^^^^^^^^^^^^^^^^^^^^^^^^^^^^^^^^^^^^^^^^^^^^^^^^
  File "/work/nwkit/shift_joint_fit.py", line 325, in _general_fit
    raise ValueError(
ValueError: Joint covariance optimizer failed checked convergence: [{'success': False, 'message': 'CONVERGENCE: RELATIVE REDUCTION OF F <= FACTR*EPSMCH', 'projected_score': 0.0010867566402339877}, {'success': False, 'message': 'CONVERGENCE: RELATIVE REDUCTION OF F <= FACTR*EPSMCH', 'projected_score': 0.0010713179676713916}, {'success': False, 'message': 'CONVERGENCE: RELATIVE REDUCTION OF F <= FACTR*EPSMCH', 'projected_score': 0.001079774136769673}]
