OPT True -38.01243572086375 [-1.38155106e+01  2.85159731e-01  2.55970409e-01  1.12826187e+00
  8.21667220e-03  2.75954616e-04] [ 5.42160743e-07  2.84540002e-05  2.17202420e-04 -1.60412707e-06
 -1.13344650e-04  1.65977199e-03]
GRAD 0.001 [ 5.42129897e-07 -3.29172251e-03 -9.73485430e-03 -5.45636425e-06
 -1.50032577e+00  1.07853901e+01]
GRAD 0.0001 [ 5.41362510e-07 -4.74742023e-06  1.17684067e-04 -1.64241953e-06
 -1.50754906e-02 -6.65762973e-02]
GRAD 1e-05 [ 5.40012479e-07  2.81204393e-05  2.16208917e-04 -1.60014224e-06
 -2.62964761e-04  9.77458114e-04]
GRAD 1e-06 [ 4.05009359e-07  2.84359203e-05  2.17234231e-04 -1.59161573e-06
 -1.14830812e-04  1.65299241e-03]
OPT True -38.0124357208807 [-1.38155106e+01  2.85159527e-01  2.55970354e-01  1.12826209e+00
  8.21670809e-03  2.75942543e-04] [ 5.42145053e-07 -2.82836742e-05 -2.18093448e-05  5.99784054e-06
  1.54779681e-05  4.57367003e-05]
GRAD 0.001 [ 5.42129897e-07 -3.34845739e-03 -9.97389651e-03  2.14556906e-06
 -1.50019420e+00  1.07838092e+01]
GRAD 0.0001 [ 5.42428324e-07 -6.14851103e-05 -1.21327943e-04  5.95939298e-06
 -1.49466403e-02 -6.81905504e-02]
GRAD 1e-05 [ 5.39301936e-07 -2.86121349e-05 -2.28041586e-05  6.00195449e-06
 -1.34139100e-04 -6.36580921e-04]
GRAD 1e-06 [ 5.40012479e-07 -2.82867063e-05 -2.17639240e-05  5.97566441e-06
  1.40119027e-05  3.88951094e-05]
OPT True -38.01243572082021 [-1.38155106e+01  2.85159241e-01  2.55970211e-01  1.12826091e+00
  8.21674805e-03  2.75941734e-04] [ 5.42133706e-07 -1.07435285e-04 -1.72159352e-04 -2.12258979e-05
  8.97371589e-04  2.08679611e-04]
GRAD 0.001 [ 5.42087264e-07 -3.42760722e-03 -1.01242644e-02 -2.50781227e-05
 -1.49930443e+00  1.07839628e+01]
GRAD 0.0001 [ 5.42215162e-07 -1.40636658e-04 -2.71677933e-04 -2.12646256e-05
 -1.40646679e-02 -6.80275416e-02]
GRAD 1e-05 [ 5.37170308e-07 -1.07767306e-04 -1.73153580e-04 -2.12260431e-05
  7.47753148e-04 -4.73639972e-04]
GRAD 1e-06 [ 5.75539616e-07 -1.07448273e-04 -1.72143189e-04 -2.12097007e-05
  8.95866492e-04  2.01836770e-04]
(NativeJointFit(alpha_height=array([1.e-06, 1.e-06]), covariance_coordinate=array([[0.08131596, 0.05462484],
       [0.05462484, 0.06552082]]), process_tip_covariance=array([[0.08131596, 0.05462484],
       [0.05462484, 0.06552082]]), diffusion_covariance=array([[0.08131604, 0.0546249 ],
       [0.0546249 , 0.06552089]]), measurement_variance=array([0.00821671, 0.00027594]), coefficients=array([[ 0.13042791, -0.13254395],
       [-1.7900259 ,  0.15470936],
       [-0.86496774,  0.81648152],
       [ 0.19459801, -1.10861377],
       [-1.02499557,  0.15825357],
       [-0.02805669,  1.26271923],
       [ 0.4541417 ,  1.53482148]]), coefficient_covariance=array([[ 0.01137626, -0.00439433, -0.00427741, -0.00401839, -0.00438066,
        -0.00428018, -0.00411575,  0.00747631, -0.00266343, -0.0026399 ,
        -0.00242578, -0.00266985, -0.00264378, -0.00250637],
       [-0.00439433,  0.09174192,  0.01209747,  0.00407609,  0.00170403,
         0.00166246,  0.00160033, -0.00265766,  0.05711738,  0.00732493,
         0.00231112,  0.00094517,  0.00093215,  0.00088018],
       [-0.00427741,  0.01209747,  0.08800503,  0.00396189,  0.00165556,
         0.00161582,  0.00155497, -0.00264759,  0.00736727,  0.05579631,
         0.00230355,  0.0009427 ,  0.00093081,  0.00087993],
       [-0.00401839,  0.00407609,  0.00396189,  0.09355719,  0.00155877,
         0.00152063,  0.00146388, -0.00242033,  0.00231012,  0.00228098,
         0.05475724,  0.00086058,  0.00084855,  0.00080108],
       [-0.00438066,  0.00170403,  0.00165556,  0.00155877,  0.08894523,
         0.01203735,  0.00415103, -0.0026645 ,  0.00094525,  0.00093213,
         0.00086121,  0.05596379,  0.00733121,  0.00237952],
       [-0.00428018,  0.00166246,  0.00161582,  0.00152063,  0.01203735,
         0.08961745,  0.00405247, -0.00264814,  0.00094034,  0.00092838,
         0.00085667,  0.0073599 ,  0.05575597,  0.00236942],
       [-0.00411575,  0.00160033,  0.00155497,  0.00146388,  0.00415103,
         0.00405247,  0.09189717, -0.0025151 ,  0.00089248,  0.00088039,
         0.00081312,  0.00240407,  0.00237549,  0.05580009],
       [ 0.00747631, -0.00265766, -0.00264759, -0.00242033, -0.0026645 ,
        -0.00264814, -0.0025151 ,  0.00905999, -0.00330452, -0.0033674 ,
        -0.0030039 , -0.00330564, -0.00334168, -0.00323126],
       [-0.00266343,  0.05711738,  0.00736727,  0.00231012,  0.00094525,
         0.00094034,  0.00089248, -0.00330452,  0.07030197,  0.00930009,
         0.00290661,  0.0012064 ,  0.00122023,  0.00118052],
       [-0.0026399 ,  0.00732493,  0.05579631,  0.00228098,  0.00093213,
         0.00092838,  0.00088039, -0.0033674 ,  0.00930009,  0.06830872,
         0.00296278,  0.00123018,  0.00124506,  0.00120526],
       [-0.00242578,  0.00231112,  0.00230355,  0.05475724,  0.00086121,
         0.00085667,  0.00081312, -0.0030039 ,  0.00290661,  0.00296278,
         0.0675489 ,  0.0010966 ,  0.00110912,  0.00107298],
       [-0.00266985,  0.00094517,  0.0009427 ,  0.00086058,  0.05596379,
         0.0073599 ,  0.00240407, -0.00330564,  0.0012064 ,  0.00123018,
         0.0010966 ,  0.06767185,  0.0092005 ,  0.00312152],
       [-0.00264378,  0.00093215,  0.00093081,  0.00084855,  0.00733121,
         0.05575597,  0.00237549, -0.00334168,  0.00122023,  0.00124506,
         0.00110912,  0.0092005 ,  0.06801771,  0.00315893],
       [-0.00250637,  0.00088018,  0.00087993,  0.00080108,  0.00237952,
         0.00236942,  0.05580009, -0.00323126,  0.00118052,  0.00120526,
         0.00107298,  0.00312152,  0.00315893,  0.06848124]]), predicted=array([[ 0.13042791, -0.13254395],
       [ 0.13042791, -0.13254395],
       [ 0.13042791, -0.13254395],
       [ 0.13042791, -0.13254395],
       [ 0.13042791, -0.13254395],
       [ 0.13042791, -0.13254395],
       [-0.98833849, -0.03585058],
       [-0.98833849, -0.03585058],
       [-0.98833849, -0.03585058],
       [-0.98833849, -0.03585058],
       [-0.98833849, -0.03585058],
       [-0.98833849, -0.03585058],
       [-0.41017703,  0.3777571 ],
       [-0.41017703,  0.3777571 ],
       [-0.41017703,  0.3777571 ],
       [-0.41017703,  0.3777571 ],
       [-0.41017703,  0.3777571 ],
       [-0.41017703,  0.3777571 ],
       [ 0.13042791, -0.13254395],
       [ 0.13042791, -0.13254395],
       [ 0.13042791, -0.13254395],
       [ 0.13042791, -0.13254395],
       [ 0.13042791, -0.13254395],
       [ 0.13042791, -0.13254395],
       [ 0.13042791, -0.13254395],
       [ 0.13042791, -0.13254395],
       [ 0.13042791, -0.13254395],
       [ 0.13042791, -0.13254395],
       [ 0.13042791, -0.13254395],
       [ 0.13042791, -0.13254395],
       [ 0.13042791, -0.13254395],
       [ 0.25205169, -0.82542768],
       [ 0.25205169, -0.82542768],
       [ 0.25205169, -0.82542768],
       [ 0.25205169, -0.82542768],
       [ 0.25205169, -0.82542768],
       [ 0.25205169, -0.82542768],
       [ 0.13042791, -0.13254395],
       [ 0.13042791, -0.13254395],
       [ 0.13042791, -0.13254395],
       [ 0.13042791, -0.13254395],
       [ 0.13042791, -0.13254395],
       [ 0.13042791, -0.13254395],
       [ 0.13042791, -0.13254395],
       [ 0.13042791, -0.13254395],
       [ 0.13042791, -0.13254395],
       [ 0.13042791, -0.13254395],
       [ 0.13042791, -0.13254395],
       [ 0.13042791, -0.13254395],
       [ 0.13042791, -0.13254395],
       [-0.51019444, -0.03363545],
       [-0.51019444, -0.03363545],
       [-0.51019444, -0.03363545],
       [-0.51019444, -0.03363545],
       [-0.51019444, -0.03363545],
       [-0.51019444, -0.03363545],
       [ 0.13042791, -0.13254395],
       [ 0.13042791, -0.13254395],
       [ 0.13042791, -0.13254395],
       [ 0.13042791, -0.13254395],
       [ 0.13042791, -0.13254395],
       [ 0.13042791, -0.13254395],
       [ 0.11289247,  0.65665572],
       [ 0.11289247,  0.65665572],
       [ 0.11289247,  0.65665572],
       [ 0.11289247,  0.65665572],
       [ 0.11289247,  0.65665572],
       [ 0.11289247,  0.65665572],
       [ 0.13042791, -0.13254395],
       [ 0.13042791, -0.13254395],
       [ 0.13042791, -0.13254395],
       [ 0.13042791, -0.13254395],
       [ 0.13042791, -0.13254395],
       [ 0.13042791, -0.13254395],
       [ 0.13042791, -0.13254395],
       [ 0.41426652,  0.82671966],
       [ 0.41426652,  0.82671966],
       [ 0.41426652,  0.82671966],
       [ 0.41426652,  0.82671966],
       [ 0.41426652,  0.82671966],
       [ 0.41426652,  0.82671966],
       [ 0.13042791, -0.13254395],
       [ 0.13042791, -0.13254395],
       [ 0.13042791, -0.13254395],
       [ 0.13042791, -0.13254395],
       [ 0.13042791, -0.13254395],
       [ 0.13042791, -0.13254395],
       [ 0.13042791, -0.13254395],
       [ 0.13042791, -0.13254395],
       [ 0.13042791, -0.13254395],
       [ 0.13042791, -0.13254395],
       [ 0.13042791, -0.13254395],
       [ 0.13042791, -0.13254395],
       [ 0.13042791, -0.13254395],
       [ 0.13042791, -0.13254395],
       [ 0.13042791, -0.13254395],
       [ 0.13042791, -0.13254395],
       [ 0.13042791, -0.13254395],
       [ 0.13042791, -0.13254395],
       [ 0.13042791, -0.13254395]]), log_likelihood=38.0124357208807, quadratic=161.000013313273, num_observations=161, root_model='OUfixedRoot', engine='dense_observed_gls'), {'evaluations': 432, 'invalid_evaluations': 0, 'starts': [{'success': True, 'message': 'CONVERGENCE: RELATIVE REDUCTION OF F <= FACTR*EPSMCH', 'projected_score': 0.0009774581144483792}, {'success': True, 'message': 'CONVERGENCE: RELATIVE REDUCTION OF F <= FACTR*EPSMCH', 'projected_score': 0.0006365809213093582}, {'success': True, 'message': 'CONVERGENCE: RELATIVE REDUCTION OF F <= FACTR*EPSMCH', 'projected_score': 0.0007477531482891513}], 'success': True, 'message': 'Checked multistart joint ML'})
