{"branches": [], "status": "complete", "seconds": 0.6129714169655927}
{"branches": [16], "status": "complete", "seconds": 0.5769033750402741}
{"branches": [16, 27], "status": "complete", "seconds": 0.6173668749979697}
{"branches": [16, 17], "status": "complete", "seconds": 0.6398386670043692}
{"branches": [16, 17, 27], "status": "complete", "seconds": 0.6137145010288805}
{"branches": [16, 20, 27], "status": "complete", "seconds": 0.5701010419870727}
{"branches": [16, 17, 19, 27], "status": "complete", "seconds": 0.6303633330389857}
{"branches": [16, 17, 24, 27], "status": "complete", "seconds": 0.680613708042074}
{"branches": [16, 17, 19, 25, 27], "status": "complete", "seconds": 0.731231875019148}
{"branches": [16, 17, 20, 24, 27], "status": "complete", "seconds": 0.7876347500132397}
{"branches": [16, 17, 19, 23, 25, 27], "status": "complete", "seconds": 0.7906349169788882}
{"branches": [11, 16, 17, 20, 24, 27], "status": "complete", "seconds": 0.7816978749469854}
{"branches": [16, 17, 19, 23, 25, 27, 29], "status": "complete", "seconds": 0.8537727509974502}
{"branches": [16, 17, 19, 23, 25, 27, 178], "status": "complete", "seconds": 0.8595299170119688}
{"branches": [16, 17, 19, 23, 25, 27, 29, 178], "status": "complete", "seconds": 0.7566046669962816}
{"branches": [16, 17, 19, 23, 25, 27, 29, 161], "status": "complete", "seconds": 0.8192991249961779}
{"branches": [16, 17, 19, 23, 25, 27, 29, 161, 178], "status": "complete", "seconds": 0.9362798340152949}
{"branches": [16, 17, 19, 23, 25, 27, 29, 107, 178], "status": "complete", "seconds": 0.7746028340188786}
{"branches": [16, 17, 19, 23, 25, 27, 29, 107, 161, 178], "status": "complete", "seconds": 0.9225730000180192}
{"branches": [16, 17, 19, 23, 25, 27, 29, 161, 168, 178], "status": "complete", "seconds": 0.8723247509915382}
{"branches": [11, 16, 17, 19, 23, 25, 27, 29, 161, 168, 178], "status": "complete", "seconds": 0.9645729169715196}
{"branches": [16, 17, 19, 23, 24, 25, 27, 29, 161, 168, 178], "status": "complete", "seconds": 1.0194460839848034}
{"branches": [11, 16, 17, 19, 23, 25, 27, 29, 107, 161, 168, 178], "status": "complete", "seconds": 0.8876954169827513}
{"branches": [16, 17, 19, 23, 24, 25, 27, 29, 107, 161, 168, 178], "status": "complete", "seconds": 1.0524840829893947}
{"branches": [11, 16, 17, 19, 24, 25, 27, 29, 107, 161, 168, 178], "status": "complete", "seconds": 0.9426822509849444}
{"branches": [16, 17, 19, 23, 25, 27, 29, 107, 161, 168, 178], "status": "complete", "seconds": 0.8584717089543119}
{"job": {"truth": "different", "mode": "trait-specific", "replicate": 0, "traits": 2, "missing_rate": 0.2, "timeout": 1800, "part": "timing"}, "status": "failed", "elapsed": 20.856768467987422, "error": "ValueError: A native search covariance mode failed; complete the fit before selection: {'alpha_mode': 'finite', 'success': False, 'message': \"Joint covariance optimizer failed checked convergence: [{'success': False, 'message': 'CONVERGENCE: RELATIVE REDUCTION OF F <= FACTR*EPSMCH', 'projected_score': 0.0012891433698314358}, {'success': False, 'message': 'CONVERGENCE: RELATIVE REDUCTION OF F <= FACTR*EPSMCH', 'projected_score': 0.0012891362644040782}, {'success': False, 'message': 'CONVERGENCE: NORM OF PROJECTED GRADIENT <= PGTOL', 'projected_score': 0.0012891362644040782}]\"}"}
