#0 building with "desktop-linux" instance using docker driver

#1 [internal] load build definition from Dockerfile
#1 transferring dockerfile: 281B done
#1 DONE 0.0s

#2 [internal] load metadata for docker.io/local/genegalleon:nwkit-ou-auto-dev
#2 DONE 0.0s

#3 [internal] load .dockerignore
#3 transferring context: 2B done
#3 DONE 0.0s

#4 [internal] load build context
#4 transferring context: 23.05kB 0.0s done
#4 DONE 0.0s

#5 [1/3] FROM docker.io/local/genegalleon:nwkit-ou-auto-dev
#5 CACHED

#6 [2/3] COPY . /tmp/nwkit-local
#6 DONE 0.1s

#7 [3/3] RUN python -m pip install --no-deps --no-build-isolation /tmp/nwkit-local && python -m pip install -c /tmp/nwkit-local/constraints-dev.txt hypothesis && rm -rf /tmp/nwkit-local
#7 0.308 Processing /tmp/nwkit-local
#7 0.309   Preparing metadata (pyproject.toml): started
#7 0.517   Preparing metadata (pyproject.toml): finished with status 'done'
#7 0.519 Building wheels for collected packages: nwkit
#7 0.520   Building wheel for nwkit (pyproject.toml): started
#7 0.852   Building wheel for nwkit (pyproject.toml): finished with status 'done'
#7 0.853   Created wheel for nwkit: filename=nwkit-0.43.15-py3-none-any.whl size=1023873 sha256=beffe2434b08117e41917818901ccee4444eb122afbdc948db091650a8117b76
#7 0.853   Stored in directory: /tmp/pip-ephem-wheel-cache-ct7nwzoq/wheels/de/50/00/6cbb752053c7c86802efa2a56d42133f2b9c8222eed8ef35a2
#7 0.856 Successfully built nwkit
#7 0.861 Installing collected packages: nwkit
#7 0.861   Attempting uninstall: nwkit
#7 0.864     Found existing installation: nwkit 0.43.15
#7 0.870     Uninstalling nwkit-0.43.15:
#7 0.919       Successfully uninstalled nwkit-0.43.15
#7 1.413 Successfully installed nwkit-0.43.15
#7 1.413 WARNING: Running pip as the 'root' user can result in broken permissions and conflicting behaviour with the system package manager, possibly rendering your system unusable. It is recommended to use a virtual environment instead: https://pip.pypa.io/warnings/venv. Use the --root-user-action option if you know what you are doing and want to suppress this warning.
#7 1.866 Collecting hypothesis
#7 1.924   Downloading hypothesis-6.165.10-cp312-cp312-manylinux_2_17_aarch64.manylinux2014_aarch64.whl.metadata (5.7 kB)
#7 1.954 Collecting sortedcontainers<3.0.0,>=2.1.0 (from hypothesis)
#7 1.976   Downloading sortedcontainers-2.4.0-py2.py3-none-any.whl.metadata (10 kB)
#7 2.003 Downloading hypothesis-6.165.10-cp312-cp312-manylinux_2_17_aarch64.manylinux2014_aarch64.whl (1.1 MB)
#7 2.094    ━━━━━━━━━━━━━━━━━━━━━━━━━━━━━━━━━━━━━━━━ 1.1/1.1 MB 14.1 MB/s  0:00:00
#7 2.109 Downloading sortedcontainers-2.4.0-py2.py3-none-any.whl (29 kB)
#7 2.197 Installing collected packages: sortedcontainers, hypothesis
#7 2.416 
#7 2.422 Successfully installed hypothesis-6.165.10 sortedcontainers-2.4.0
#7 2.422 WARNING: Running pip as the 'root' user can result in broken permissions and conflicting behaviour with the system package manager, possibly rendering your system unusable. It is recommended to use a virtual environment instead: https://pip.pypa.io/warnings/venv. Use the --root-user-action option if you know what you are doing and want to suppress this warning.
#7 DONE 2.5s

#8 exporting to image
#8 exporting layers 0.1s done
#8 writing image sha256:c8c69075b5d591499bf3195ec912ef5b5e1aa1cd163f03864639ed6a669e9429 done
#8 naming to docker.io/local/genegalleon:nwkit-shift-covariance-dev 0.0s done
#8 DONE 0.1s
